<html>
<body>
<pre>
<h1>µVision Build Log</h1>
<h2>Tool Versions:</h2>
IDE-Version: ¦ÌVision V5.27.1.0
Copyright (C) 2019 ARM Ltd and ARM Germany GmbH. All rights reserved.
License Information: xiaohexin user xiaohexin Flex license: MDK-ARM Plus: 11 user(s) (mdk_plus) Support: Apr 2019
 
Tool Versions:
Toolchain:       MDK-ARM Plus: 11 user(s)  Version: 5.27.1.0
Toolchain Path:  C:\Keil_v5\ARM\ARMCC\Bin
C Compiler:      Armcc.exe V5.06 update 6 (build 750)
Assembler:       Armasm.exe V5.06 update 6 (build 750)
Linker/Locator:  ArmLink.exe V5.06 update 6 (build 750)
Library Manager: ArmAr.exe V5.06 update 6 (build 750)
Hex Converter:   FromElf.exe V5.06 update 6 (build 750)
CPU DLL:         SARMCM3.DLL V5.27.1.0
Dialog DLL:      DARMCM1.DLL V1.19.2.0
Target DLL:      Segger\JL2CM3.dll V2.99.35.0
Dialog DLL:      TARMCM1.DLL V1.14.1.0
 
<h2>Project:</h2>
D:\CVTE_WORK\Code\vsl6kva-ems\U_PSDR_VSL_CT6K\Project\STM32G0XX\Keil_MDK\U_PSDR_VSL_CT6K_EMS.uvprojx
Project File Date:  10/24/2023

<h2>Output:</h2>
*** Using Compiler 'V5.06 update 6 (build 750)', folder: 'C:\Keil_v5\ARM\ARMCC\Bin'
Build target 'U_PSDR_VSL_CT6K_EMS'
compiling LCD_Service.c...
linking...
Program Size: Code=241068 RO-data=44876 RW-data=11284 ZI-data=38644  
FromELF: creating hex file...
After Build - User command #1: fromelf.exe --bin -o  D:\CVTE_WORK\Code\vsl6kva-ems\U_PSDR_VSL_CT6K\Project\STM32G0XX\Keil_MDK\Objects\U_PSDR_VSL_CT6K_EMS.bin D:\CVTE_WORK\Code\vsl6kva-ems\U_PSDR_VSL_CT6K\Project\STM32G0XX\Keil_MDK\Objects\U_PSDR_VSL_CT6K_EMS.axf
After Build - User command #2: BinEncoder_STM32G0_CT6K.exe D:\CVTE_WORK\Code\vsl6kva-ems\U_PSDR_VSL_CT6K\Project\STM32G0XX\Keil_MDK\Objects\U_PSDR_VSL_CT6K_EMS.bin
Total Length == 293172
ROM Length == 293248
CRC32SUM == 0x4B2F2F67
Checksum == 0x69CB
MD5SUM:378F03BA6E02F3061E17DDDFC63E9324
Hello world!
".\Objects\U_PSDR_VSL_CT6K_EMS.axf" - 0 Error(s), 0 Warning(s).

<h2>Software Packages used:</h2>

Package Vendor: Keil
                http://www.keil.com/pack/Keil.STM32G0xx_DFP.1.4.0.pack
                Keil.STM32G0xx_DFP.1.4.0
                STMicroelectronics STM32G0 Series Device Support

<h2>Collection of Component include folders:</h2>
  .\RTE\_U_PSDR_VSL_CT6K_EMS
  C:\Users\user\AppData\Local\Arm\Packs\Keil\STM32G0xx_DFP\1.4.0\Drivers\CMSIS\Device\ST\STM32G0xx\Include

<h2>Collection of Component Files used:</h2>
Build Time Elapsed:  00:00:14
</pre>
</body>
</html>
