<!doctype html public "-//w3c//dtd html 4.0 transitional//en">
<html><head>
<title>Static Call Graph - [.\Objects\U_PSDR_VSL_CT6K_EMS.axf]</title></head>
<body><HR>
<H1>Static Call Graph for image .\Objects\U_PSDR_VSL_CT6K_EMS.axf</H1><HR>
<BR><P>#&#060CALLGRAPH&#062# ARM Linker, 5060750: Last Updated: Tue Oct 24 17:33:56 2023
<BR><P>
<H3>Maximum Stack Usage =       2600 bytes + Unknown(Functions without stacksize, Cycles, Untraceable Function Pointers)</H3><H3>
Call chain for Maximum Stack Depth:</H3>
__rt_entry_main &rArr; main &rArr; MainProcess &rArr; FaultManagement_Handler &rArr; FaultRunning &rArr; EMSFaultBitTransformFaultCode &rArr; DeteleRealFaultQueue &rArr; InsertHistoryFaultQueue &rArr; Flash_Device_FaultData_Write &rArr; __aeabi_memcpy
<P>
<H3>
Functions with no stack information
</H3><UL>
 <LI><a href="#[99]">__user_initial_stackheap</a>
</UL>
</UL>
<P>
<H3>
Mutually Recursive functions
</H3> <LI><a href="#[8]">NMI_Handler</a>&nbsp;&nbsp;&nbsp;&rArr;&nbsp;&nbsp;&nbsp;<a href="#[8]">NMI_Handler</a><BR>
 <LI><a href="#[a]">SVC_Handler</a>&nbsp;&nbsp;&nbsp;&rArr;&nbsp;&nbsp;&nbsp;<a href="#[a]">SVC_Handler</a><BR>
 <LI><a href="#[b]">PendSV_Handler</a>&nbsp;&nbsp;&nbsp;&rArr;&nbsp;&nbsp;&nbsp;<a href="#[b]">PendSV_Handler</a><BR>
 <LI><a href="#[19]">ADC1_COMP_IRQHandler</a>&nbsp;&nbsp;&nbsp;&rArr;&nbsp;&nbsp;&nbsp;<a href="#[19]">ADC1_COMP_IRQHandler</a><BR>
</UL>
<P>
<H3>
Function Pointers
</H3><UL>
 <LI><a href="#[19]">ADC1_COMP_IRQHandler</a> from startup_stm32g0b1xx.o(.text) referenced from startup_stm32g0b1xx.o(RESET)
 <LI><a href="#[2b]">CEC_IRQHandler</a> from startup_stm32g0b1xx.o(.text) referenced from startup_stm32g0b1xx.o(RESET)
 <LI><a href="#[18]">DMA1_Ch4_7_DMA2_Ch1_5_DMAMUX1_OVR_IRQHandler</a> from mcu.o(i.DMA1_Ch4_7_DMA2_Ch1_5_DMAMUX1_OVR_IRQHandler) referenced from startup_stm32g0b1xx.o(RESET)
 <LI><a href="#[16]">DMA1_Channel1_IRQHandler</a> from mcu.o(i.DMA1_Channel1_IRQHandler) referenced from startup_stm32g0b1xx.o(RESET)
 <LI><a href="#[17]">DMA1_Channel2_3_IRQHandler</a> from mcu.o(i.DMA1_Channel2_3_IRQHandler) referenced from startup_stm32g0b1xx.o(RESET)
 <LI><a href="#[12]">EXTI0_1_IRQHandler</a> from startup_stm32g0b1xx.o(.text) referenced from startup_stm32g0b1xx.o(RESET)
 <LI><a href="#[13]">EXTI2_3_IRQHandler</a> from startup_stm32g0b1xx.o(.text) referenced from startup_stm32g0b1xx.o(RESET)
 <LI><a href="#[14]">EXTI4_15_IRQHandler</a> from startup_stm32g0b1xx.o(.text) referenced from startup_stm32g0b1xx.o(RESET)
 <LI><a href="#[10]">FLASH_IRQHandler</a> from startup_stm32g0b1xx.o(.text) referenced from startup_stm32g0b1xx.o(RESET)
 <LI><a href="#[9]">HardFault_Handler</a> from mcu.o(i.HardFault_Handler) referenced from startup_stm32g0b1xx.o(RESET)
 <LI><a href="#[24]">I2C1_IRQHandler</a> from startup_stm32g0b1xx.o(.text) referenced from startup_stm32g0b1xx.o(RESET)
 <LI><a href="#[25]">I2C2_3_IRQHandler</a> from startup_stm32g0b1xx.o(.text) referenced from startup_stm32g0b1xx.o(RESET)
 <LI><a href="#[8]">NMI_Handler</a> from startup_stm32g0b1xx.o(.text) referenced from startup_stm32g0b1xx.o(RESET)
 <LI><a href="#[e]">PVD_VDDIO2_IRQHandler</a> from startup_stm32g0b1xx.o(.text) referenced from startup_stm32g0b1xx.o(RESET)
 <LI><a href="#[b]">PendSV_Handler</a> from startup_stm32g0b1xx.o(.text) referenced from startup_stm32g0b1xx.o(RESET)
 <LI><a href="#[11]">RCC_CRS_IRQHandler</a> from startup_stm32g0b1xx.o(.text) referenced from startup_stm32g0b1xx.o(RESET)
 <LI><a href="#[f]">RTC_TAMP_IRQHandler</a> from startup_stm32g0b1xx.o(.text) referenced from startup_stm32g0b1xx.o(RESET)
 <LI><a href="#[7]">Reset_Handler</a> from startup_stm32g0b1xx.o(.text) referenced from startup_stm32g0b1xx.o(RESET)
 <LI><a href="#[26]">SPI1_IRQHandler</a> from startup_stm32g0b1xx.o(.text) referenced from startup_stm32g0b1xx.o(RESET)
 <LI><a href="#[27]">SPI2_3_IRQHandler</a> from startup_stm32g0b1xx.o(.text) referenced from startup_stm32g0b1xx.o(RESET)
 <LI><a href="#[a]">SVC_Handler</a> from startup_stm32g0b1xx.o(.text) referenced from startup_stm32g0b1xx.o(RESET)
 <LI><a href="#[c]">SysTick_Handler</a> from mcu.o(i.SysTick_Handler) referenced from startup_stm32g0b1xx.o(RESET)
 <LI><a href="#[2c]">SystemInit</a> from system_stm32g0xx.o(i.SystemInit) referenced from startup_stm32g0b1xx.o(.text)
 <LI><a href="#[20]">TIM14_IRQHandler</a> from startup_stm32g0b1xx.o(.text) referenced from startup_stm32g0b1xx.o(RESET)
 <LI><a href="#[21]">TIM15_IRQHandler</a> from mcu.o(i.TIM15_IRQHandler) referenced from startup_stm32g0b1xx.o(RESET)
 <LI><a href="#[22]">TIM16_FDCAN_IT0_IRQHandler</a> from mcu.o(i.TIM16_FDCAN_IT0_IRQHandler) referenced from startup_stm32g0b1xx.o(RESET)
 <LI><a href="#[23]">TIM17_FDCAN_IT1_IRQHandler</a> from mcu.o(i.TIM17_FDCAN_IT1_IRQHandler) referenced from startup_stm32g0b1xx.o(RESET)
 <LI><a href="#[1a]">TIM1_BRK_UP_TRG_COM_IRQHandler</a> from startup_stm32g0b1xx.o(.text) referenced from startup_stm32g0b1xx.o(RESET)
 <LI><a href="#[1b]">TIM1_CC_IRQHandler</a> from startup_stm32g0b1xx.o(.text) referenced from startup_stm32g0b1xx.o(RESET)
 <LI><a href="#[1c]">TIM2_IRQHandler</a> from startup_stm32g0b1xx.o(.text) referenced from startup_stm32g0b1xx.o(RESET)
 <LI><a href="#[1d]">TIM3_TIM4_IRQHandler</a> from startup_stm32g0b1xx.o(.text) referenced from startup_stm32g0b1xx.o(RESET)
 <LI><a href="#[1e]">TIM6_DAC_LPTIM1_IRQHandler</a> from startup_stm32g0b1xx.o(.text) referenced from startup_stm32g0b1xx.o(RESET)
 <LI><a href="#[1f]">TIM7_LPTIM2_IRQHandler</a> from startup_stm32g0b1xx.o(.text) referenced from startup_stm32g0b1xx.o(RESET)
 <LI><a href="#[28]">USART1_IRQHandler</a> from mcu.o(i.USART1_IRQHandler) referenced from startup_stm32g0b1xx.o(RESET)
 <LI><a href="#[29]">USART2_LPUART2_IRQHandler</a> from mcu.o(i.USART2_LPUART2_IRQHandler) referenced from startup_stm32g0b1xx.o(RESET)
 <LI><a href="#[2a]">USART3_4_5_6_LPUART1_IRQHandler</a> from mcu.o(i.USART3_4_5_6_LPUART1_IRQHandler) referenced from startup_stm32g0b1xx.o(RESET)
 <LI><a href="#[15]">USB_UCPD1_2_IRQHandler</a> from startup_stm32g0b1xx.o(.text) referenced from startup_stm32g0b1xx.o(RESET)
 <LI><a href="#[d]">WWDG_IRQHandler</a> from startup_stm32g0b1xx.o(.text) referenced from startup_stm32g0b1xx.o(RESET)
 <LI><a href="#[38]">__main</a> from __main.o(!!!main) referenced from startup_stm32g0b1xx.o(.text)
 <LI><a href="#[33]">_get_lc_ctype</a> from lc_ctype_c.o(locale$$code) referenced from rt_ctype_table.o(.text)
 <LI><a href="#[34]">_printf_fp_dec_real</a> from _printf_fp_dec.o(.text) referenced from printf1.o(x$fpl$printf1)
 <LI><a href="#[2f]">_printf_input_char</a> from _printf_char_common.o(.text) referenced from _printf_char_common.o(.text)
 <LI><a href="#[31]">_sbackspace</a> from _sgetc.o(.text) referenced from strtod.o(.text)
 <LI><a href="#[36]">_scanf_really_hex_real</a> from scanf_hexfp.o(.text) referenced from scanf2.o(x$fpl$scanf2)
 <LI><a href="#[37]">_scanf_really_infnan</a> from scanf_infnan.o(.text) referenced from scanf2.o(x$fpl$scanf2)
 <LI><a href="#[35]">_scanf_really_real</a> from scanf_fp.o(.text) referenced from scanf1.o(x$fpl$scanf1)
 <LI><a href="#[30]">_sgetc</a> from _sgetc.o(.text) referenced from strtod.o(.text)
 <LI><a href="#[2e]">_sputc</a> from _sputc.o(.text) referenced from noretval__2sprintf.o(.text)
 <LI><a href="#[32]">isspace</a> from isspace.o(.text) referenced from strtod.o(.text)
</UL>
<P>
<H3>
Global Symbols
</H3>
<P><STRONG><a name="[38]"></a>__main</STRONG> (Thumb, 8 bytes, Stack size 0 bytes, __main.o(!!!main))
<BR><BR>[Calls]<UL><LI><a href="#[3a]">&gt;&gt;</a>&nbsp;&nbsp;&nbsp;__rt_entry
<LI><a href="#[39]">&gt;&gt;</a>&nbsp;&nbsp;&nbsp;__scatterload
</UL>

<P><STRONG><a name="[39]"></a>__scatterload</STRONG> (Thumb, 0 bytes, Stack size unknown bytes, __scatter.o(!!!scatter))
<BR><BR>[Called By]<UL><LI><a href="#[38]">&gt;&gt;</a>&nbsp;&nbsp;&nbsp;__main
</UL>

<P><STRONG><a name="[3b]"></a>__scatterload_rt2</STRONG> (Thumb, 52 bytes, Stack size unknown bytes, __scatter.o(!!!scatter), UNUSED)
<BR><BR>[Calls]<UL><LI><a href="#[3a]">&gt;&gt;</a>&nbsp;&nbsp;&nbsp;__rt_entry
</UL>

<P><STRONG><a name="[671]"></a>__scatterload_rt2_thumb_only</STRONG> (Thumb, 0 bytes, Stack size unknown bytes, __scatter.o(!!!scatter), UNUSED)

<P><STRONG><a name="[672]"></a>__scatterload_null</STRONG> (Thumb, 0 bytes, Stack size unknown bytes, __scatter.o(!!!scatter), UNUSED)

<P><STRONG><a name="[673]"></a>__scatterload_zeroinit</STRONG> (Thumb, 28 bytes, Stack size unknown bytes, __scatter_zi.o(!!handler_zi), UNUSED)

<P><STRONG><a name="[60]"></a>_printf_percent</STRONG> (Thumb, 0 bytes, Stack size unknown bytes, _printf_percent.o(.ARM.Collect$$_printf_percent$$00000000))
<BR><BR>[Called By]<UL><LI><a href="#[5e]">&gt;&gt;</a>&nbsp;&nbsp;&nbsp;__printf
</UL>

<P><STRONG><a name="[3c]"></a>_printf_f</STRONG> (Thumb, 0 bytes, Stack size unknown bytes, _printf_f.o(.ARM.Collect$$_printf_percent$$00000003))
<BR><BR>[Stack]<UL><LI>Max Depth = 88 + Unknown Stack Size
<LI>Call Chain = _printf_f &rArr; _printf_d &rArr; _printf_int_dec &rArr; _printf_int_common &rArr; _printf_post_padding
</UL>
<BR>[Calls]<UL><LI><a href="#[3e]">&gt;&gt;</a>&nbsp;&nbsp;&nbsp;_printf_fp_dec
<LI><a href="#[3d]">&gt;&gt;</a>&nbsp;&nbsp;&nbsp;_printf_d
</UL>

<P><STRONG><a name="[3d]"></a>_printf_d</STRONG> (Thumb, 0 bytes, Stack size unknown bytes, _printf_d.o(.ARM.Collect$$_printf_percent$$00000009))
<BR><BR>[Stack]<UL><LI>Max Depth = 88 + Unknown Stack Size
<LI>Call Chain = _printf_d &rArr; _printf_int_dec &rArr; _printf_int_common &rArr; _printf_post_padding
</UL>
<BR>[Calls]<UL><LI><a href="#[3f]">&gt;&gt;</a>&nbsp;&nbsp;&nbsp;_printf_x
<LI><a href="#[40]">&gt;&gt;</a>&nbsp;&nbsp;&nbsp;_printf_int_dec
</UL>
<BR>[Called By]<UL><LI><a href="#[3c]">&gt;&gt;</a>&nbsp;&nbsp;&nbsp;_printf_f
</UL>

<P><STRONG><a name="[3f]"></a>_printf_x</STRONG> (Thumb, 0 bytes, Stack size unknown bytes, _printf_x.o(.ARM.Collect$$_printf_percent$$0000000C))
<BR><BR>[Stack]<UL><LI>Max Depth = 72 + Unknown Stack Size
<LI>Call Chain = _printf_x &rArr; _printf_int_hex &rArr; _printf_int_common &rArr; _printf_post_padding
</UL>
<BR>[Calls]<UL><LI><a href="#[41]">&gt;&gt;</a>&nbsp;&nbsp;&nbsp;_printf_s
<LI><a href="#[42]">&gt;&gt;</a>&nbsp;&nbsp;&nbsp;_printf_int_hex
</UL>
<BR>[Called By]<UL><LI><a href="#[3d]">&gt;&gt;</a>&nbsp;&nbsp;&nbsp;_printf_d
</UL>

<P><STRONG><a name="[41]"></a>_printf_s</STRONG> (Thumb, 0 bytes, Stack size unknown bytes, _printf_s.o(.ARM.Collect$$_printf_percent$$00000014))
<BR><BR>[Stack]<UL><LI>Max Depth = 40 + Unknown Stack Size
<LI>Call Chain = _printf_s &rArr; _printf_string &rArr; _printf_cs_common &rArr; _printf_str &rArr; _printf_post_padding
</UL>
<BR>[Calls]<UL><LI><a href="#[43]">&gt;&gt;</a>&nbsp;&nbsp;&nbsp;_printf_percent_end
<LI><a href="#[44]">&gt;&gt;</a>&nbsp;&nbsp;&nbsp;_printf_string
</UL>
<BR>[Called By]<UL><LI><a href="#[3f]">&gt;&gt;</a>&nbsp;&nbsp;&nbsp;_printf_x
</UL>

<P><STRONG><a name="[43]"></a>_printf_percent_end</STRONG> (Thumb, 0 bytes, Stack size unknown bytes, _printf_percent_end.o(.ARM.Collect$$_printf_percent$$00000017))
<BR><BR>[Called By]<UL><LI><a href="#[41]">&gt;&gt;</a>&nbsp;&nbsp;&nbsp;_printf_s
</UL>

<P><STRONG><a name="[4d]"></a>__rt_lib_init</STRONG> (Thumb, 0 bytes, Stack size unknown bytes, libinit.o(.ARM.Collect$$libinit$$00000000))
<BR><BR>[Called By]<UL><LI><a href="#[4c]">&gt;&gt;</a>&nbsp;&nbsp;&nbsp;__rt_entry_li
</UL>

<P><STRONG><a name="[674]"></a>__rt_lib_init_fp_1</STRONG> (Thumb, 0 bytes, Stack size unknown bytes, libinit2.o(.ARM.Collect$$libinit$$00000002))

<P><STRONG><a name="[675]"></a>__rt_lib_init_heap_1</STRONG> (Thumb, 0 bytes, Stack size unknown bytes, libinit2.o(.ARM.Collect$$libinit$$0000000A))

<P><STRONG><a name="[45]"></a>__rt_lib_init_lc_common</STRONG> (Thumb, 0 bytes, Stack size unknown bytes, libinit2.o(.ARM.Collect$$libinit$$0000000F))
<BR><BR>[Calls]<UL><LI><a href="#[46]">&gt;&gt;</a>&nbsp;&nbsp;&nbsp;__rt_locale
</UL>

<P><STRONG><a name="[676]"></a>__rt_lib_init_preinit_1</STRONG> (Thumb, 0 bytes, Stack size unknown bytes, libinit2.o(.ARM.Collect$$libinit$$00000004))

<P><STRONG><a name="[677]"></a>__rt_lib_init_rand_1</STRONG> (Thumb, 0 bytes, Stack size unknown bytes, libinit2.o(.ARM.Collect$$libinit$$0000000E))

<P><STRONG><a name="[678]"></a>__rt_lib_init_user_alloc_1</STRONG> (Thumb, 0 bytes, Stack size unknown bytes, libinit2.o(.ARM.Collect$$libinit$$0000000C))

<P><STRONG><a name="[679]"></a>__rt_lib_init_lc_collate_1</STRONG> (Thumb, 0 bytes, Stack size unknown bytes, libinit2.o(.ARM.Collect$$libinit$$00000011))

<P><STRONG><a name="[47]"></a>__rt_lib_init_lc_ctype_2</STRONG> (Thumb, 0 bytes, Stack size unknown bytes, libinit2.o(.ARM.Collect$$libinit$$00000012))
<BR><BR>[Stack]<UL><LI>Max Depth = 24 + Unknown Stack Size
<LI>Call Chain = __rt_lib_init_lc_ctype_2 &rArr; _get_lc_ctype &rArr; strcmp
</UL>
<BR>[Calls]<UL><LI><a href="#[33]">&gt;&gt;</a>&nbsp;&nbsp;&nbsp;_get_lc_ctype
</UL>

<P><STRONG><a name="[67a]"></a>__rt_lib_init_lc_ctype_1</STRONG> (Thumb, 0 bytes, Stack size unknown bytes, libinit2.o(.ARM.Collect$$libinit$$00000013))

<P><STRONG><a name="[67b]"></a>__rt_lib_init_lc_monetary_1</STRONG> (Thumb, 0 bytes, Stack size unknown bytes, libinit2.o(.ARM.Collect$$libinit$$00000015))

<P><STRONG><a name="[48]"></a>__rt_lib_init_lc_numeric_2</STRONG> (Thumb, 0 bytes, Stack size unknown bytes, libinit2.o(.ARM.Collect$$libinit$$00000016))
<BR><BR>[Stack]<UL><LI>Max Depth = 24 + Unknown Stack Size
<LI>Call Chain = __rt_lib_init_lc_numeric_2 &rArr; _get_lc_numeric &rArr; strcmp
</UL>
<BR>[Calls]<UL><LI><a href="#[49]">&gt;&gt;</a>&nbsp;&nbsp;&nbsp;_get_lc_numeric
</UL>

<P><STRONG><a name="[67c]"></a>__rt_lib_init_alloca_1</STRONG> (Thumb, 0 bytes, Stack size unknown bytes, libinit2.o(.ARM.Collect$$libinit$$0000002E))

<P><STRONG><a name="[67d]"></a>__rt_lib_init_argv_1</STRONG> (Thumb, 0 bytes, Stack size unknown bytes, libinit2.o(.ARM.Collect$$libinit$$0000002C))

<P><STRONG><a name="[67e]"></a>__rt_lib_init_atexit_1</STRONG> (Thumb, 0 bytes, Stack size unknown bytes, libinit2.o(.ARM.Collect$$libinit$$0000001B))

<P><STRONG><a name="[67f]"></a>__rt_lib_init_clock_1</STRONG> (Thumb, 0 bytes, Stack size unknown bytes, libinit2.o(.ARM.Collect$$libinit$$00000021))

<P><STRONG><a name="[680]"></a>__rt_lib_init_cpp_1</STRONG> (Thumb, 0 bytes, Stack size unknown bytes, libinit2.o(.ARM.Collect$$libinit$$00000032))

<P><STRONG><a name="[681]"></a>__rt_lib_init_exceptions_1</STRONG> (Thumb, 0 bytes, Stack size unknown bytes, libinit2.o(.ARM.Collect$$libinit$$00000030))

<P><STRONG><a name="[682]"></a>__rt_lib_init_fp_trap_1</STRONG> (Thumb, 0 bytes, Stack size unknown bytes, libinit2.o(.ARM.Collect$$libinit$$0000001F))

<P><STRONG><a name="[683]"></a>__rt_lib_init_getenv_1</STRONG> (Thumb, 0 bytes, Stack size unknown bytes, libinit2.o(.ARM.Collect$$libinit$$00000023))

<P><STRONG><a name="[684]"></a>__rt_lib_init_lc_numeric_1</STRONG> (Thumb, 0 bytes, Stack size unknown bytes, libinit2.o(.ARM.Collect$$libinit$$00000017))

<P><STRONG><a name="[685]"></a>__rt_lib_init_lc_time_1</STRONG> (Thumb, 0 bytes, Stack size unknown bytes, libinit2.o(.ARM.Collect$$libinit$$00000019))

<P><STRONG><a name="[686]"></a>__rt_lib_init_return</STRONG> (Thumb, 0 bytes, Stack size unknown bytes, libinit2.o(.ARM.Collect$$libinit$$00000033))

<P><STRONG><a name="[687]"></a>__rt_lib_init_signal_1</STRONG> (Thumb, 0 bytes, Stack size unknown bytes, libinit2.o(.ARM.Collect$$libinit$$0000001D))

<P><STRONG><a name="[688]"></a>__rt_lib_init_stdio_1</STRONG> (Thumb, 0 bytes, Stack size unknown bytes, libinit2.o(.ARM.Collect$$libinit$$00000025))

<P><STRONG><a name="[52]"></a>__rt_lib_shutdown</STRONG> (Thumb, 0 bytes, Stack size unknown bytes, libshutdown.o(.ARM.Collect$$libshutdown$$00000000))
<BR><BR>[Called By]<UL><LI><a href="#[51]">&gt;&gt;</a>&nbsp;&nbsp;&nbsp;__rt_exit_ls
</UL>

<P><STRONG><a name="[689]"></a>__rt_lib_shutdown_cpp_1</STRONG> (Thumb, 0 bytes, Stack size unknown bytes, libshutdown2.o(.ARM.Collect$$libshutdown$$00000002))

<P><STRONG><a name="[68a]"></a>__rt_lib_shutdown_fp_trap_1</STRONG> (Thumb, 0 bytes, Stack size unknown bytes, libshutdown2.o(.ARM.Collect$$libshutdown$$00000007))

<P><STRONG><a name="[68b]"></a>__rt_lib_shutdown_heap_1</STRONG> (Thumb, 0 bytes, Stack size unknown bytes, libshutdown2.o(.ARM.Collect$$libshutdown$$0000000F))

<P><STRONG><a name="[68c]"></a>__rt_lib_shutdown_return</STRONG> (Thumb, 0 bytes, Stack size unknown bytes, libshutdown2.o(.ARM.Collect$$libshutdown$$00000010))

<P><STRONG><a name="[68d]"></a>__rt_lib_shutdown_signal_1</STRONG> (Thumb, 0 bytes, Stack size unknown bytes, libshutdown2.o(.ARM.Collect$$libshutdown$$0000000A))

<P><STRONG><a name="[68e]"></a>__rt_lib_shutdown_stdio_1</STRONG> (Thumb, 0 bytes, Stack size unknown bytes, libshutdown2.o(.ARM.Collect$$libshutdown$$00000004))

<P><STRONG><a name="[68f]"></a>__rt_lib_shutdown_user_alloc_1</STRONG> (Thumb, 0 bytes, Stack size unknown bytes, libshutdown2.o(.ARM.Collect$$libshutdown$$0000000C))

<P><STRONG><a name="[3a]"></a>__rt_entry</STRONG> (Thumb, 0 bytes, Stack size unknown bytes, __rtentry.o(.ARM.Collect$$rtentry$$00000000))
<BR><BR>[Called By]<UL><LI><a href="#[38]">&gt;&gt;</a>&nbsp;&nbsp;&nbsp;__main
<LI><a href="#[3b]">&gt;&gt;</a>&nbsp;&nbsp;&nbsp;__scatterload_rt2
</UL>

<P><STRONG><a name="[690]"></a>__rt_entry_presh_1</STRONG> (Thumb, 0 bytes, Stack size unknown bytes, __rtentry2.o(.ARM.Collect$$rtentry$$00000002))

<P><STRONG><a name="[4a]"></a>__rt_entry_sh</STRONG> (Thumb, 0 bytes, Stack size unknown bytes, __rtentry4.o(.ARM.Collect$$rtentry$$00000004))
<BR><BR>[Stack]<UL><LI>Max Depth = 8 + Unknown Stack Size
<LI>Call Chain = __rt_entry_sh &rArr; __user_setup_stackheap
</UL>
<BR>[Calls]<UL><LI><a href="#[4b]">&gt;&gt;</a>&nbsp;&nbsp;&nbsp;__user_setup_stackheap
</UL>

<P><STRONG><a name="[4c]"></a>__rt_entry_li</STRONG> (Thumb, 0 bytes, Stack size unknown bytes, __rtentry2.o(.ARM.Collect$$rtentry$$0000000A))
<BR><BR>[Calls]<UL><LI><a href="#[4d]">&gt;&gt;</a>&nbsp;&nbsp;&nbsp;__rt_lib_init
</UL>

<P><STRONG><a name="[691]"></a>__rt_entry_postsh_1</STRONG> (Thumb, 0 bytes, Stack size unknown bytes, __rtentry2.o(.ARM.Collect$$rtentry$$00000009))

<P><STRONG><a name="[4e]"></a>__rt_entry_main</STRONG> (Thumb, 0 bytes, Stack size unknown bytes, __rtentry2.o(.ARM.Collect$$rtentry$$0000000D))
<BR><BR>[Stack]<UL><LI>Max Depth = 2600 + Unknown Stack Size
<LI>Call Chain = __rt_entry_main &rArr; main &rArr; MainProcess &rArr; FaultManagement_Handler &rArr; FaultRunning &rArr; EMSFaultBitTransformFaultCode &rArr; DeteleRealFaultQueue &rArr; InsertHistoryFaultQueue &rArr; Flash_Device_FaultData_Write &rArr; __aeabi_memcpy
</UL>
<BR>[Calls]<UL><LI><a href="#[4f]">&gt;&gt;</a>&nbsp;&nbsp;&nbsp;main
<LI><a href="#[50]">&gt;&gt;</a>&nbsp;&nbsp;&nbsp;exit
</UL>

<P><STRONG><a name="[692]"></a>__rt_entry_postli_1</STRONG> (Thumb, 0 bytes, Stack size unknown bytes, __rtentry2.o(.ARM.Collect$$rtentry$$0000000C))

<P><STRONG><a name="[a0]"></a>__rt_exit</STRONG> (Thumb, 0 bytes, Stack size unknown bytes, rtexit.o(.ARM.Collect$$rtexit$$00000000))
<BR><BR>[Called By]<UL><LI><a href="#[50]">&gt;&gt;</a>&nbsp;&nbsp;&nbsp;exit
</UL>

<P><STRONG><a name="[51]"></a>__rt_exit_ls</STRONG> (Thumb, 0 bytes, Stack size unknown bytes, rtexit2.o(.ARM.Collect$$rtexit$$00000003))
<BR><BR>[Calls]<UL><LI><a href="#[52]">&gt;&gt;</a>&nbsp;&nbsp;&nbsp;__rt_lib_shutdown
</UL>

<P><STRONG><a name="[693]"></a>__rt_exit_prels_1</STRONG> (Thumb, 0 bytes, Stack size unknown bytes, rtexit2.o(.ARM.Collect$$rtexit$$00000002))

<P><STRONG><a name="[53]"></a>__rt_exit_exit</STRONG> (Thumb, 0 bytes, Stack size unknown bytes, rtexit2.o(.ARM.Collect$$rtexit$$00000004))
<BR><BR>[Calls]<UL><LI><a href="#[54]">&gt;&gt;</a>&nbsp;&nbsp;&nbsp;_sys_exit
</UL>

<P><STRONG><a name="[65]"></a>__aeabi_memcpy4</STRONG> (Thumb, 56 bytes, Stack size 0 bytes, rt_memcpy.o(.emb_text))
<BR><BR>[Called By]<UL><LI><a href="#[f0]">&gt;&gt;</a>&nbsp;&nbsp;&nbsp;CheckSerialNumberErrorProof
<LI><a href="#[226]">&gt;&gt;</a>&nbsp;&nbsp;&nbsp;GetTotalSysParamToCloudData
<LI><a href="#[66]">&gt;&gt;</a>&nbsp;&nbsp;&nbsp;__aeabi_memmove4
<LI><a href="#[64]">&gt;&gt;</a>&nbsp;&nbsp;&nbsp;__aeabi_memcpy
</UL>

<P><STRONG><a name="[694]"></a>__aeabi_memcpy8</STRONG> (Thumb, 0 bytes, Stack size 0 bytes, rt_memcpy.o(.emb_text), UNUSED)

<P><STRONG><a name="[7]"></a>Reset_Handler</STRONG> (Thumb, 8 bytes, Stack size 0 bytes, startup_stm32g0b1xx.o(.text))
<BR>[Address Reference Count : 1]<UL><LI> startup_stm32g0b1xx.o(RESET)
</UL>
<P><STRONG><a name="[8]"></a>NMI_Handler</STRONG> (Thumb, 2 bytes, Stack size 0 bytes, startup_stm32g0b1xx.o(.text))
<BR><BR>[Calls]<UL><LI><a href="#[8]">&gt;&gt;</a>&nbsp;&nbsp;&nbsp;NMI_Handler
</UL>
<BR>[Called By]<UL><LI><a href="#[8]">&gt;&gt;</a>&nbsp;&nbsp;&nbsp;NMI_Handler
</UL>
<BR>[Address Reference Count : 1]<UL><LI> startup_stm32g0b1xx.o(RESET)
</UL>
<P><STRONG><a name="[a]"></a>SVC_Handler</STRONG> (Thumb, 2 bytes, Stack size 0 bytes, startup_stm32g0b1xx.o(.text))
<BR><BR>[Calls]<UL><LI><a href="#[a]">&gt;&gt;</a>&nbsp;&nbsp;&nbsp;SVC_Handler
</UL>
<BR>[Called By]<UL><LI><a href="#[a]">&gt;&gt;</a>&nbsp;&nbsp;&nbsp;SVC_Handler
</UL>
<BR>[Address Reference Count : 1]<UL><LI> startup_stm32g0b1xx.o(RESET)
</UL>
<P><STRONG><a name="[b]"></a>PendSV_Handler</STRONG> (Thumb, 2 bytes, Stack size 0 bytes, startup_stm32g0b1xx.o(.text))
<BR><BR>[Calls]<UL><LI><a href="#[b]">&gt;&gt;</a>&nbsp;&nbsp;&nbsp;PendSV_Handler
</UL>
<BR>[Called By]<UL><LI><a href="#[b]">&gt;&gt;</a>&nbsp;&nbsp;&nbsp;PendSV_Handler
</UL>
<BR>[Address Reference Count : 1]<UL><LI> startup_stm32g0b1xx.o(RESET)
</UL>
<P><STRONG><a name="[19]"></a>ADC1_COMP_IRQHandler</STRONG> (Thumb, 0 bytes, Stack size 0 bytes, startup_stm32g0b1xx.o(.text))
<BR><BR>[Calls]<UL><LI><a href="#[19]">&gt;&gt;</a>&nbsp;&nbsp;&nbsp;ADC1_COMP_IRQHandler
</UL>
<BR>[Called By]<UL><LI><a href="#[19]">&gt;&gt;</a>&nbsp;&nbsp;&nbsp;ADC1_COMP_IRQHandler
</UL>
<BR>[Address Reference Count : 1]<UL><LI> startup_stm32g0b1xx.o(RESET)
</UL>
<P><STRONG><a name="[2b]"></a>CEC_IRQHandler</STRONG> (Thumb, 0 bytes, Stack size 0 bytes, startup_stm32g0b1xx.o(.text))
<BR>[Address Reference Count : 1]<UL><LI> startup_stm32g0b1xx.o(RESET)
</UL>
<P><STRONG><a name="[12]"></a>EXTI0_1_IRQHandler</STRONG> (Thumb, 0 bytes, Stack size 0 bytes, startup_stm32g0b1xx.o(.text))
<BR>[Address Reference Count : 1]<UL><LI> startup_stm32g0b1xx.o(RESET)
</UL>
<P><STRONG><a name="[13]"></a>EXTI2_3_IRQHandler</STRONG> (Thumb, 0 bytes, Stack size 0 bytes, startup_stm32g0b1xx.o(.text))
<BR>[Address Reference Count : 1]<UL><LI> startup_stm32g0b1xx.o(RESET)
</UL>
<P><STRONG><a name="[14]"></a>EXTI4_15_IRQHandler</STRONG> (Thumb, 0 bytes, Stack size 0 bytes, startup_stm32g0b1xx.o(.text))
<BR>[Address Reference Count : 1]<UL><LI> startup_stm32g0b1xx.o(RESET)
</UL>
<P><STRONG><a name="[10]"></a>FLASH_IRQHandler</STRONG> (Thumb, 0 bytes, Stack size 0 bytes, startup_stm32g0b1xx.o(.text))
<BR>[Address Reference Count : 1]<UL><LI> startup_stm32g0b1xx.o(RESET)
</UL>
<P><STRONG><a name="[24]"></a>I2C1_IRQHandler</STRONG> (Thumb, 0 bytes, Stack size 0 bytes, startup_stm32g0b1xx.o(.text))
<BR>[Address Reference Count : 1]<UL><LI> startup_stm32g0b1xx.o(RESET)
</UL>
<P><STRONG><a name="[25]"></a>I2C2_3_IRQHandler</STRONG> (Thumb, 0 bytes, Stack size 0 bytes, startup_stm32g0b1xx.o(.text))
<BR>[Address Reference Count : 1]<UL><LI> startup_stm32g0b1xx.o(RESET)
</UL>
<P><STRONG><a name="[e]"></a>PVD_VDDIO2_IRQHandler</STRONG> (Thumb, 0 bytes, Stack size 0 bytes, startup_stm32g0b1xx.o(.text))
<BR>[Address Reference Count : 1]<UL><LI> startup_stm32g0b1xx.o(RESET)
</UL>
<P><STRONG><a name="[11]"></a>RCC_CRS_IRQHandler</STRONG> (Thumb, 0 bytes, Stack size 0 bytes, startup_stm32g0b1xx.o(.text))
<BR>[Address Reference Count : 1]<UL><LI> startup_stm32g0b1xx.o(RESET)
</UL>
<P><STRONG><a name="[f]"></a>RTC_TAMP_IRQHandler</STRONG> (Thumb, 0 bytes, Stack size 0 bytes, startup_stm32g0b1xx.o(.text))
<BR>[Address Reference Count : 1]<UL><LI> startup_stm32g0b1xx.o(RESET)
</UL>
<P><STRONG><a name="[26]"></a>SPI1_IRQHandler</STRONG> (Thumb, 0 bytes, Stack size 0 bytes, startup_stm32g0b1xx.o(.text))
<BR>[Address Reference Count : 1]<UL><LI> startup_stm32g0b1xx.o(RESET)
</UL>
<P><STRONG><a name="[27]"></a>SPI2_3_IRQHandler</STRONG> (Thumb, 0 bytes, Stack size 0 bytes, startup_stm32g0b1xx.o(.text))
<BR>[Address Reference Count : 1]<UL><LI> startup_stm32g0b1xx.o(RESET)
</UL>
<P><STRONG><a name="[20]"></a>TIM14_IRQHandler</STRONG> (Thumb, 0 bytes, Stack size 0 bytes, startup_stm32g0b1xx.o(.text))
<BR>[Address Reference Count : 1]<UL><LI> startup_stm32g0b1xx.o(RESET)
</UL>
<P><STRONG><a name="[1a]"></a>TIM1_BRK_UP_TRG_COM_IRQHandler</STRONG> (Thumb, 0 bytes, Stack size 0 bytes, startup_stm32g0b1xx.o(.text))
<BR>[Address Reference Count : 1]<UL><LI> startup_stm32g0b1xx.o(RESET)
</UL>
<P><STRONG><a name="[1b]"></a>TIM1_CC_IRQHandler</STRONG> (Thumb, 0 bytes, Stack size 0 bytes, startup_stm32g0b1xx.o(.text))
<BR>[Address Reference Count : 1]<UL><LI> startup_stm32g0b1xx.o(RESET)
</UL>
<P><STRONG><a name="[1c]"></a>TIM2_IRQHandler</STRONG> (Thumb, 0 bytes, Stack size 0 bytes, startup_stm32g0b1xx.o(.text))
<BR>[Address Reference Count : 1]<UL><LI> startup_stm32g0b1xx.o(RESET)
</UL>
<P><STRONG><a name="[1d]"></a>TIM3_TIM4_IRQHandler</STRONG> (Thumb, 0 bytes, Stack size 0 bytes, startup_stm32g0b1xx.o(.text))
<BR>[Address Reference Count : 1]<UL><LI> startup_stm32g0b1xx.o(RESET)
</UL>
<P><STRONG><a name="[1e]"></a>TIM6_DAC_LPTIM1_IRQHandler</STRONG> (Thumb, 0 bytes, Stack size 0 bytes, startup_stm32g0b1xx.o(.text))
<BR>[Address Reference Count : 1]<UL><LI> startup_stm32g0b1xx.o(RESET)
</UL>
<P><STRONG><a name="[1f]"></a>TIM7_LPTIM2_IRQHandler</STRONG> (Thumb, 0 bytes, Stack size 0 bytes, startup_stm32g0b1xx.o(.text))
<BR>[Address Reference Count : 1]<UL><LI> startup_stm32g0b1xx.o(RESET)
</UL>
<P><STRONG><a name="[15]"></a>USB_UCPD1_2_IRQHandler</STRONG> (Thumb, 0 bytes, Stack size 0 bytes, startup_stm32g0b1xx.o(.text))
<BR>[Address Reference Count : 1]<UL><LI> startup_stm32g0b1xx.o(RESET)
</UL>
<P><STRONG><a name="[d]"></a>WWDG_IRQHandler</STRONG> (Thumb, 0 bytes, Stack size 0 bytes, startup_stm32g0b1xx.o(.text))
<BR>[Address Reference Count : 1]<UL><LI> startup_stm32g0b1xx.o(RESET)
</UL>
<P><STRONG><a name="[99]"></a>__user_initial_stackheap</STRONG> (Thumb, 0 bytes, Stack size unknown bytes, startup_stm32g0b1xx.o(.text))
<BR><BR>[Called By]<UL><LI><a href="#[4b]">&gt;&gt;</a>&nbsp;&nbsp;&nbsp;__user_setup_stackheap
</UL>

<P><STRONG><a name="[9b]"></a>__aeabi_lmul</STRONG> (Thumb, 48 bytes, Stack size 12 bytes, llmul.o(.text))
<BR><BR>[Stack]<UL><LI>Max Depth = 12<LI>Call Chain = __aeabi_lmul
</UL>
<BR>[Called By]<UL><LI><a href="#[9a]">&gt;&gt;</a>&nbsp;&nbsp;&nbsp;_fp_value
</UL>

<P><STRONG><a name="[695]"></a>_ll_mul</STRONG> (Thumb, 0 bytes, Stack size 12 bytes, llmul.o(.text), UNUSED)

<P><STRONG><a name="[32b]"></a>__aeabi_uldivmod</STRONG> (Thumb, 258 bytes, Stack size 32 bytes, lludiv.o(.text))
<BR><BR>[Stack]<UL><LI>Max Depth = 32<LI>Call Chain = __aeabi_uldivmod
</UL>
<BR>[Called By]<UL><LI><a href="#[329]">&gt;&gt;</a>&nbsp;&nbsp;&nbsp;StatisticsRunning
</UL>

<P><STRONG><a name="[696]"></a>_ll_udiv</STRONG> (Thumb, 0 bytes, Stack size 32 bytes, lludiv.o(.text), UNUSED)

<P><STRONG><a name="[55]"></a>__2sprintf</STRONG> (Thumb, 36 bytes, Stack size 32 bytes, noretval__2sprintf.o(.text))
<BR><BR>[Stack]<UL><LI>Max Depth = 128 + Unknown Stack Size
<LI>Call Chain = __2sprintf &rArr; _printf_char_common &rArr; __printf
</UL>
<BR>[Calls]<UL><LI><a href="#[2e]">&gt;&gt;</a>&nbsp;&nbsp;&nbsp;_sputc
<LI><a href="#[56]">&gt;&gt;</a>&nbsp;&nbsp;&nbsp;_printf_char_common
</UL>
<BR>[Called By]<UL><LI><a href="#[338]">&gt;&gt;</a>&nbsp;&nbsp;&nbsp;Storage_Service_UserConfigParaDaultTable_Init
<LI><a href="#[331]">&gt;&gt;</a>&nbsp;&nbsp;&nbsp;Storage_Service_ExitFactoryParaDaultTable_Init
<LI><a href="#[226]">&gt;&gt;</a>&nbsp;&nbsp;&nbsp;GetTotalSysParamToCloudData
<LI><a href="#[594]">&gt;&gt;</a>&nbsp;&nbsp;&nbsp;updateDisplayStatistics_Year_English
<LI><a href="#[58b]">&gt;&gt;</a>&nbsp;&nbsp;&nbsp;updateDisplayStatistics_Month_English
<LI><a href="#[567]">&gt;&gt;</a>&nbsp;&nbsp;&nbsp;updateDisplayStatistics_English
<LI><a href="#[582]">&gt;&gt;</a>&nbsp;&nbsp;&nbsp;updateDisplayStatistics_Day_English
<LI><a href="#[579]">&gt;&gt;</a>&nbsp;&nbsp;&nbsp;updateDisplayStatistics_All_English
<LI><a href="#[570]">&gt;&gt;</a>&nbsp;&nbsp;&nbsp;updateDisplayStatisticsData_English
<LI><a href="#[55e]">&gt;&gt;</a>&nbsp;&nbsp;&nbsp;updateDisplaySettingMenuData_English
<LI><a href="#[556]">&gt;&gt;</a>&nbsp;&nbsp;&nbsp;updateDisplayRunningStatus_English
<LI><a href="#[54d]">&gt;&gt;</a>&nbsp;&nbsp;&nbsp;updateDisplayRealtimeData_English
<LI><a href="#[544]">&gt;&gt;</a>&nbsp;&nbsp;&nbsp;updateDisplayRealFaultData_English
<LI><a href="#[53a]">&gt;&gt;</a>&nbsp;&nbsp;&nbsp;updateDisplayProtectSetData_English
<LI><a href="#[530]">&gt;&gt;</a>&nbsp;&nbsp;&nbsp;updateDisplayProtectItemSetData_English
<LI><a href="#[52f]">&gt;&gt;</a>&nbsp;&nbsp;&nbsp;updateDisplayProtectItemNameSetData
<LI><a href="#[438]">&gt;&gt;</a>&nbsp;&nbsp;&nbsp;updateDisplayPowerLoadData_English
<LI><a href="#[51e]">&gt;&gt;</a>&nbsp;&nbsp;&nbsp;updateDisplayPolicySettings_English
<LI><a href="#[515]">&gt;&gt;</a>&nbsp;&nbsp;&nbsp;updateDisplayPeakLoadShiftingSetData_English
<LI><a href="#[50c]">&gt;&gt;</a>&nbsp;&nbsp;&nbsp;updateDisplayPeakLoadShiftingPEAKVALLEYSetData_English
<LI><a href="#[190]">&gt;&gt;</a>&nbsp;&nbsp;&nbsp;updateDisplayPeakLoadShiftingPEAKVALLEYSetData
<LI><a href="#[503]">&gt;&gt;</a>&nbsp;&nbsp;&nbsp;updateDisplayPVSetData_English
<LI><a href="#[4fa]">&gt;&gt;</a>&nbsp;&nbsp;&nbsp;updateDisplayPVData_English
<LI><a href="#[42e]">&gt;&gt;</a>&nbsp;&nbsp;&nbsp;updateDisplayPVControlWaySetData_English
<LI><a href="#[4ef]">&gt;&gt;</a>&nbsp;&nbsp;&nbsp;updateDisplayOperationRecordData_English
<LI><a href="#[4e6]">&gt;&gt;</a>&nbsp;&nbsp;&nbsp;updateDisplayMenuSetData_English
<LI><a href="#[4dd]">&gt;&gt;</a>&nbsp;&nbsp;&nbsp;updateDisplayMachin_English
<LI><a href="#[4d4]">&gt;&gt;</a>&nbsp;&nbsp;&nbsp;updateDisplayLoginData_English
<LI><a href="#[4cb]">&gt;&gt;</a>&nbsp;&nbsp;&nbsp;updateDisplayLogData_English
<LI><a href="#[4c2]">&gt;&gt;</a>&nbsp;&nbsp;&nbsp;updateDisplayLeadAcidBatteryTypeSetData_English
<LI><a href="#[4b9]">&gt;&gt;</a>&nbsp;&nbsp;&nbsp;updateDisplayLeadAcidBatteryParaSetVoltPointData_English
<LI><a href="#[173]">&gt;&gt;</a>&nbsp;&nbsp;&nbsp;updateDisplayLeadAcidBatteryParaSetVoltPointData
<LI><a href="#[4b0]">&gt;&gt;</a>&nbsp;&nbsp;&nbsp;updateDisplayLeadAcidBatteryParaSetCapacityData_English
<LI><a href="#[171]">&gt;&gt;</a>&nbsp;&nbsp;&nbsp;updateDisplayLeadAcidBatteryParaSetCapacityData
<LI><a href="#[4a7]">&gt;&gt;</a>&nbsp;&nbsp;&nbsp;updateDisplayIntelLoadSetData_English
<LI><a href="#[178]">&gt;&gt;</a>&nbsp;&nbsp;&nbsp;updateDisplayIntelLoadParaSetData
<LI><a href="#[49e]">&gt;&gt;</a>&nbsp;&nbsp;&nbsp;updateDisplayHomeData_English
<LI><a href="#[495]">&gt;&gt;</a>&nbsp;&nbsp;&nbsp;updateDisplayHistoryFaultData_English
<LI><a href="#[48b]">&gt;&gt;</a>&nbsp;&nbsp;&nbsp;updateDisplayGridSetData_English
<LI><a href="#[482]">&gt;&gt;</a>&nbsp;&nbsp;&nbsp;updateDisplayGridSRSetData_English
<LI><a href="#[479]">&gt;&gt;</a>&nbsp;&nbsp;&nbsp;updateDisplayGridReactivePowerSetData_English
<LI><a href="#[17e]">&gt;&gt;</a>&nbsp;&nbsp;&nbsp;updateDisplayGridReactivePowerSetData
<LI><a href="#[470]">&gt;&gt;</a>&nbsp;&nbsp;&nbsp;updateDisplayGridReactPowerControlWaySetData_English
<LI><a href="#[467]">&gt;&gt;</a>&nbsp;&nbsp;&nbsp;updateDisplayGridPriceTPFVTimePeriodSetData_English
<LI><a href="#[182]">&gt;&gt;</a>&nbsp;&nbsp;&nbsp;updateDisplayGridPriceTPFVTimePeriodSetData
<LI><a href="#[45e]">&gt;&gt;</a>&nbsp;&nbsp;&nbsp;updateDisplayGridPriceTPFVSetData_English
<LI><a href="#[181]">&gt;&gt;</a>&nbsp;&nbsp;&nbsp;updateDisplayGridPriceTPFVSetData
<LI><a href="#[454]">&gt;&gt;</a>&nbsp;&nbsp;&nbsp;updateDisplayGridPriceSetData_English
<LI><a href="#[44c]">&gt;&gt;</a>&nbsp;&nbsp;&nbsp;updateDisplayGridPowerSettingsData_English
<LI><a href="#[443]">&gt;&gt;</a>&nbsp;&nbsp;&nbsp;updateDisplayGridPowerFactorSetData_English
<LI><a href="#[17f]">&gt;&gt;</a>&nbsp;&nbsp;&nbsp;updateDisplayGridPowerFactorSetData
<LI><a href="#[439]">&gt;&gt;</a>&nbsp;&nbsp;&nbsp;updateDisplayGridData_English
<LI><a href="#[42f]">&gt;&gt;</a>&nbsp;&nbsp;&nbsp;updateDisplayGeneratorData_English
<LI><a href="#[425]">&gt;&gt;</a>&nbsp;&nbsp;&nbsp;updateDisplayGenUsageSelectSetData_English
<LI><a href="#[41c]">&gt;&gt;</a>&nbsp;&nbsp;&nbsp;updateDisplayGenSetData_English
<LI><a href="#[413]">&gt;&gt;</a>&nbsp;&nbsp;&nbsp;updateDisplayGenPowerParaSetData_English
<LI><a href="#[177]">&gt;&gt;</a>&nbsp;&nbsp;&nbsp;updateDisplayGenPowerParaSetData
<LI><a href="#[40a]">&gt;&gt;</a>&nbsp;&nbsp;&nbsp;updateDisplayGenDryRlySelectSetData_English
<LI><a href="#[401]">&gt;&gt;</a>&nbsp;&nbsp;&nbsp;updateDisplayFactoryData_English
<LI><a href="#[3f9]">&gt;&gt;</a>&nbsp;&nbsp;&nbsp;updateDisplayDetailedInfoData_English
<LI><a href="#[3f0]">&gt;&gt;</a>&nbsp;&nbsp;&nbsp;updateDisplayBatteryTypeSetData_English
<LI><a href="#[3e7]">&gt;&gt;</a>&nbsp;&nbsp;&nbsp;updateDisplayBatteryManufacturerSetData_English
<LI><a href="#[3dd]">&gt;&gt;</a>&nbsp;&nbsp;&nbsp;updateDisplayBatteryLiIonParaSetEndofSOCData_English
<LI><a href="#[16e]">&gt;&gt;</a>&nbsp;&nbsp;&nbsp;updateDisplayBatteryLiIonParaSetEndofSOCData
<LI><a href="#[3d4]">&gt;&gt;</a>&nbsp;&nbsp;&nbsp;updateDisplayBatteryLiIonParaSetData_English
<LI><a href="#[3cb]">&gt;&gt;</a>&nbsp;&nbsp;&nbsp;updateDisplayBatteryLiIonParaSetCurrentData_English
<LI><a href="#[16f]">&gt;&gt;</a>&nbsp;&nbsp;&nbsp;updateDisplayBatteryLiIonParaSetCurrentData
<LI><a href="#[3c1]">&gt;&gt;</a>&nbsp;&nbsp;&nbsp;updateDisplayBatteryLiIonComWaySetData_English
<LI><a href="#[3b7]">&gt;&gt;</a>&nbsp;&nbsp;&nbsp;updateDisplayBatteryLeadAcidParaSetEndofSOCData_English
<LI><a href="#[172]">&gt;&gt;</a>&nbsp;&nbsp;&nbsp;updateDisplayBatteryLeadAcidParaSetEndofSOCData
<LI><a href="#[3ae]">&gt;&gt;</a>&nbsp;&nbsp;&nbsp;updateDisplayBatteryData_English
<LI><a href="#[3a6]">&gt;&gt;</a>&nbsp;&nbsp;&nbsp;updateDisplayBackupPowerSetData_English
<LI><a href="#[192]">&gt;&gt;</a>&nbsp;&nbsp;&nbsp;updateDisplayBackupPowerSetData
<LI><a href="#[39d]">&gt;&gt;</a>&nbsp;&nbsp;&nbsp;updateDisplayBMSSetData_English
<LI><a href="#[384]">&gt;&gt;</a>&nbsp;&nbsp;&nbsp;getRTCTimetoDisplayTime
<LI><a href="#[60b]">&gt;&gt;</a>&nbsp;&nbsp;&nbsp;updateDisplayTipSetPassed_Chinese
<LI><a href="#[5de]">&gt;&gt;</a>&nbsp;&nbsp;&nbsp;updateDisplayTipPasswordShort_Chinese
<LI><a href="#[5f9]">&gt;&gt;</a>&nbsp;&nbsp;&nbsp;updateDisplayTipOldPasswordOverlaps_Chinese
<LI><a href="#[5f0]">&gt;&gt;</a>&nbsp;&nbsp;&nbsp;updateDisplayTipOldPasswordNotMatch_Chinese
<LI><a href="#[5e7]">&gt;&gt;</a>&nbsp;&nbsp;&nbsp;updateDisplayTipOldPasswordError_Chinese
<LI><a href="#[602]">&gt;&gt;</a>&nbsp;&nbsp;&nbsp;updateDisplayTipLoginError_Chinese
<LI><a href="#[665]">&gt;&gt;</a>&nbsp;&nbsp;&nbsp;updateDisplaySystemTimeSetData_Chinese
<LI><a href="#[65c]">&gt;&gt;</a>&nbsp;&nbsp;&nbsp;updateDisplaySystemTPFVStrategySetData_Chinese
<LI><a href="#[653]">&gt;&gt;</a>&nbsp;&nbsp;&nbsp;updateDisplaySystemTPFVStrategyPeriodSetData_Chinese
<LI><a href="#[64a]">&gt;&gt;</a>&nbsp;&nbsp;&nbsp;updateDisplaySystemSetData_Chinese
<LI><a href="#[641]">&gt;&gt;</a>&nbsp;&nbsp;&nbsp;updateDisplaySystemSerialSetData_Chinese
<LI><a href="#[638]">&gt;&gt;</a>&nbsp;&nbsp;&nbsp;updateDisplaySystemSelfStrategySetData_Chinese
<LI><a href="#[62f]">&gt;&gt;</a>&nbsp;&nbsp;&nbsp;updateDisplaySystemRemoteControlData_Chinese
<LI><a href="#[626]">&gt;&gt;</a>&nbsp;&nbsp;&nbsp;updateDisplaySystemRegularStrategySetData_Chinese
<LI><a href="#[61d]">&gt;&gt;</a>&nbsp;&nbsp;&nbsp;updateDisplaySystemRegularStrategyPeriodSetData_Chinese
<LI><a href="#[614]">&gt;&gt;</a>&nbsp;&nbsp;&nbsp;updateDisplaySystemRegularStrategyAbstractSetData_Chinese
<LI><a href="#[5d5]">&gt;&gt;</a>&nbsp;&nbsp;&nbsp;updateDisplaySystemPasswordSetData_Chinese
<LI><a href="#[5cc]">&gt;&gt;</a>&nbsp;&nbsp;&nbsp;updateDisplaySystemLanguageSetData_Chinese
<LI><a href="#[5c3]">&gt;&gt;</a>&nbsp;&nbsp;&nbsp;updateDisplaySystemInsulationDetetionData_Chinese
<LI><a href="#[5ba]">&gt;&gt;</a>&nbsp;&nbsp;&nbsp;updateDisplaySystemGenStrategySetData_Chinese
<LI><a href="#[5b1]">&gt;&gt;</a>&nbsp;&nbsp;&nbsp;updateDisplaySystemData_Chinese
<LI><a href="#[5a8]">&gt;&gt;</a>&nbsp;&nbsp;&nbsp;updateDisplaySystemConfirm_Chinese
<LI><a href="#[59e]">&gt;&gt;</a>&nbsp;&nbsp;&nbsp;updateDisplaySystemCommResetData_Chinese
<LI><a href="#[571]">&gt;&gt;</a>&nbsp;&nbsp;&nbsp;updateDisplayStatisticsData_Chinese
<LI><a href="#[54e]">&gt;&gt;</a>&nbsp;&nbsp;&nbsp;updateDisplayRealtimeData_Chinese
<LI><a href="#[545]">&gt;&gt;</a>&nbsp;&nbsp;&nbsp;updateDisplayRealFaultData_Chinese
<LI><a href="#[53b]">&gt;&gt;</a>&nbsp;&nbsp;&nbsp;updateDisplayProtectSetData_Chinese
<LI><a href="#[532]">&gt;&gt;</a>&nbsp;&nbsp;&nbsp;updateDisplayProtectItemSetData_Chinese
<LI><a href="#[531]">&gt;&gt;</a>&nbsp;&nbsp;&nbsp;updateDisplayProtectItemNameSetData_Chinese
<LI><a href="#[504]">&gt;&gt;</a>&nbsp;&nbsp;&nbsp;updateDisplayPVSetData_Chinese
<LI><a href="#[4f8]">&gt;&gt;</a>&nbsp;&nbsp;&nbsp;updateDisplayPVControlWaySetData_Chinese
<LI><a href="#[4f0]">&gt;&gt;</a>&nbsp;&nbsp;&nbsp;updateDisplayOperationRecordData_Chinese
<LI><a href="#[4d5]">&gt;&gt;</a>&nbsp;&nbsp;&nbsp;updateDisplayLoginData_Chinese
<LI><a href="#[49f]">&gt;&gt;</a>&nbsp;&nbsp;&nbsp;updateDisplayHomeData_Chinese
<LI><a href="#[496]">&gt;&gt;</a>&nbsp;&nbsp;&nbsp;updateDisplayHistoryFaultData_Chinese
<LI><a href="#[483]">&gt;&gt;</a>&nbsp;&nbsp;&nbsp;updateDisplayGridSRSetData_Chinese
<LI><a href="#[47a]">&gt;&gt;</a>&nbsp;&nbsp;&nbsp;updateDisplayGridReactivePowerSetData_Chinese
<LI><a href="#[471]">&gt;&gt;</a>&nbsp;&nbsp;&nbsp;updateDisplayGridReactPowerControlWaySetData_Chinese
<LI><a href="#[468]">&gt;&gt;</a>&nbsp;&nbsp;&nbsp;updateDisplayGridPriceTPFVTimePeriodSetData_Chinese
<LI><a href="#[45f]">&gt;&gt;</a>&nbsp;&nbsp;&nbsp;updateDisplayGridPriceTPFVSetData_Chinese
<LI><a href="#[455]">&gt;&gt;</a>&nbsp;&nbsp;&nbsp;updateDisplayGridPriceSetData_Chinese
<LI><a href="#[444]">&gt;&gt;</a>&nbsp;&nbsp;&nbsp;updateDisplayGridPowerFactorSetData_Chinese
<LI><a href="#[3f1]">&gt;&gt;</a>&nbsp;&nbsp;&nbsp;updateDisplayBatteryTypeSetData_Chinese
<LI><a href="#[3e8]">&gt;&gt;</a>&nbsp;&nbsp;&nbsp;updateDisplayBatteryManufacturerSetData_Chinese
<LI><a href="#[39e]">&gt;&gt;</a>&nbsp;&nbsp;&nbsp;updateDisplayBMSSetData_Chinese
<LI><a href="#[60a]">&gt;&gt;</a>&nbsp;&nbsp;&nbsp;updateDisplayTipSetPassed_English
<LI><a href="#[5dd]">&gt;&gt;</a>&nbsp;&nbsp;&nbsp;updateDisplayTipPasswordShort_English
<LI><a href="#[5f8]">&gt;&gt;</a>&nbsp;&nbsp;&nbsp;updateDisplayTipOldPasswordOverlaps_English
<LI><a href="#[5ef]">&gt;&gt;</a>&nbsp;&nbsp;&nbsp;updateDisplayTipOldPasswordNotMatch_English
<LI><a href="#[5e6]">&gt;&gt;</a>&nbsp;&nbsp;&nbsp;updateDisplayTipOldPasswordError_English
<LI><a href="#[601]">&gt;&gt;</a>&nbsp;&nbsp;&nbsp;updateDisplayTipLoginError_English
<LI><a href="#[664]">&gt;&gt;</a>&nbsp;&nbsp;&nbsp;updateDisplaySystemTimeSetData_English
<LI><a href="#[185]">&gt;&gt;</a>&nbsp;&nbsp;&nbsp;updateDisplaySystemTimeSetData
<LI><a href="#[65b]">&gt;&gt;</a>&nbsp;&nbsp;&nbsp;updateDisplaySystemTPFVStrategySetData_English
<LI><a href="#[652]">&gt;&gt;</a>&nbsp;&nbsp;&nbsp;updateDisplaySystemTPFVStrategyPeriodSetData_English
<LI><a href="#[18f]">&gt;&gt;</a>&nbsp;&nbsp;&nbsp;updateDisplaySystemTPFVStrategyPeriodSetData
<LI><a href="#[649]">&gt;&gt;</a>&nbsp;&nbsp;&nbsp;updateDisplaySystemSetData_English
<LI><a href="#[640]">&gt;&gt;</a>&nbsp;&nbsp;&nbsp;updateDisplaySystemSerialSetData_English
<LI><a href="#[17a]">&gt;&gt;</a>&nbsp;&nbsp;&nbsp;updateDisplaySystemSerialSetData
<LI><a href="#[637]">&gt;&gt;</a>&nbsp;&nbsp;&nbsp;updateDisplaySystemSelfStrategySetData_English
<LI><a href="#[62e]">&gt;&gt;</a>&nbsp;&nbsp;&nbsp;updateDisplaySystemRemoteControlData_English
<LI><a href="#[625]">&gt;&gt;</a>&nbsp;&nbsp;&nbsp;updateDisplaySystemRegularStrategySetData_English
<LI><a href="#[61c]">&gt;&gt;</a>&nbsp;&nbsp;&nbsp;updateDisplaySystemRegularStrategyPeriodSetData_English
<LI><a href="#[196]">&gt;&gt;</a>&nbsp;&nbsp;&nbsp;updateDisplaySystemRegularStrategyPeriodSetData
<LI><a href="#[613]">&gt;&gt;</a>&nbsp;&nbsp;&nbsp;updateDisplaySystemRegularStrategyAbstractSetData_English
<LI><a href="#[5d4]">&gt;&gt;</a>&nbsp;&nbsp;&nbsp;updateDisplaySystemPasswordSetData_English
<LI><a href="#[5cd]">&gt;&gt;</a>&nbsp;&nbsp;&nbsp;updateDisplaySystemLanguageSetData_Spanish
<LI><a href="#[5d0]">&gt;&gt;</a>&nbsp;&nbsp;&nbsp;updateDisplaySystemLanguageSetData_Polish
<LI><a href="#[5d1]">&gt;&gt;</a>&nbsp;&nbsp;&nbsp;updateDisplaySystemLanguageSetData_Italian
<LI><a href="#[5ce]">&gt;&gt;</a>&nbsp;&nbsp;&nbsp;updateDisplaySystemLanguageSetData_German
<LI><a href="#[5cf]">&gt;&gt;</a>&nbsp;&nbsp;&nbsp;updateDisplaySystemLanguageSetData_French
<LI><a href="#[5cb]">&gt;&gt;</a>&nbsp;&nbsp;&nbsp;updateDisplaySystemLanguageSetData_English
<LI><a href="#[5d3]">&gt;&gt;</a>&nbsp;&nbsp;&nbsp;updateDisplaySystemLanguageSetData_Dutch
<LI><a href="#[5d2]">&gt;&gt;</a>&nbsp;&nbsp;&nbsp;updateDisplaySystemLanguageSetData_Czech
<LI><a href="#[5c2]">&gt;&gt;</a>&nbsp;&nbsp;&nbsp;updateDisplaySystemInsulationDetetionData_English
<LI><a href="#[5b9]">&gt;&gt;</a>&nbsp;&nbsp;&nbsp;updateDisplaySystemGenStrategySetData_English
<LI><a href="#[193]">&gt;&gt;</a>&nbsp;&nbsp;&nbsp;updateDisplaySystemGenStrategySetData
<LI><a href="#[5b0]">&gt;&gt;</a>&nbsp;&nbsp;&nbsp;updateDisplaySystemData_English
<LI><a href="#[5a7]">&gt;&gt;</a>&nbsp;&nbsp;&nbsp;updateDisplaySystemConfirm_English
<LI><a href="#[59d]">&gt;&gt;</a>&nbsp;&nbsp;&nbsp;updateDisplaySystemCommResetData_English
</UL>

<P><STRONG><a name="[58]"></a>_printf_pre_padding</STRONG> (Thumb, 44 bytes, Stack size 16 bytes, _printf_pad.o(.text))
<BR><BR>[Stack]<UL><LI>Max Depth = 16<LI>Call Chain = _printf_pre_padding
</UL>
<BR>[Called By]<UL><LI><a href="#[34]">&gt;&gt;</a>&nbsp;&nbsp;&nbsp;_printf_fp_dec_real
<LI><a href="#[5d]">&gt;&gt;</a>&nbsp;&nbsp;&nbsp;_printf_int_common
<LI><a href="#[57]">&gt;&gt;</a>&nbsp;&nbsp;&nbsp;_printf_str
<LI><a href="#[82]">&gt;&gt;</a>&nbsp;&nbsp;&nbsp;_printf_fp_infnan
</UL>

<P><STRONG><a name="[59]"></a>_printf_post_padding</STRONG> (Thumb, 34 bytes, Stack size 16 bytes, _printf_pad.o(.text))
<BR><BR>[Stack]<UL><LI>Max Depth = 16<LI>Call Chain = _printf_post_padding
</UL>
<BR>[Called By]<UL><LI><a href="#[34]">&gt;&gt;</a>&nbsp;&nbsp;&nbsp;_printf_fp_dec_real
<LI><a href="#[5d]">&gt;&gt;</a>&nbsp;&nbsp;&nbsp;_printf_int_common
<LI><a href="#[57]">&gt;&gt;</a>&nbsp;&nbsp;&nbsp;_printf_str
<LI><a href="#[82]">&gt;&gt;</a>&nbsp;&nbsp;&nbsp;_printf_fp_infnan
</UL>

<P><STRONG><a name="[57]"></a>_printf_str</STRONG> (Thumb, 82 bytes, Stack size 16 bytes, _printf_str.o(.text))
<BR><BR>[Stack]<UL><LI>Max Depth = 32<LI>Call Chain = _printf_str &rArr; _printf_post_padding
</UL>
<BR>[Calls]<UL><LI><a href="#[59]">&gt;&gt;</a>&nbsp;&nbsp;&nbsp;_printf_post_padding
<LI><a href="#[58]">&gt;&gt;</a>&nbsp;&nbsp;&nbsp;_printf_pre_padding
</UL>
<BR>[Called By]<UL><LI><a href="#[83]">&gt;&gt;</a>&nbsp;&nbsp;&nbsp;_printf_cs_common
</UL>

<P><STRONG><a name="[40]"></a>_printf_int_dec</STRONG> (Thumb, 90 bytes, Stack size 32 bytes, _printf_dec.o(.text))
<BR><BR>[Stack]<UL><LI>Max Depth = 88<LI>Call Chain = _printf_int_dec &rArr; _printf_int_common &rArr; _printf_post_padding
</UL>
<BR>[Calls]<UL><LI><a href="#[5c]">&gt;&gt;</a>&nbsp;&nbsp;&nbsp;__rt_udiv10
<LI><a href="#[5d]">&gt;&gt;</a>&nbsp;&nbsp;&nbsp;_printf_int_common
<LI><a href="#[5b]">&gt;&gt;</a>&nbsp;&nbsp;&nbsp;_printf_truncate_unsigned (Weak Reference)
<LI><a href="#[5a]">&gt;&gt;</a>&nbsp;&nbsp;&nbsp;_printf_truncate_signed (Weak Reference)
</UL>
<BR>[Called By]<UL><LI><a href="#[3d]">&gt;&gt;</a>&nbsp;&nbsp;&nbsp;_printf_d
</UL>

<P><STRONG><a name="[42]"></a>_printf_int_hex</STRONG> (Thumb, 84 bytes, Stack size 16 bytes, _printf_hex_int.o(.text))
<BR><BR>[Stack]<UL><LI>Max Depth = 72<LI>Call Chain = _printf_int_hex &rArr; _printf_int_common &rArr; _printf_post_padding
</UL>
<BR>[Calls]<UL><LI><a href="#[5d]">&gt;&gt;</a>&nbsp;&nbsp;&nbsp;_printf_int_common
<LI><a href="#[5b]">&gt;&gt;</a>&nbsp;&nbsp;&nbsp;_printf_truncate_unsigned (Weak Reference)
</UL>
<BR>[Called By]<UL><LI><a href="#[3f]">&gt;&gt;</a>&nbsp;&nbsp;&nbsp;_printf_x
</UL>

<P><STRONG><a name="[697]"></a>_printf_longlong_hex</STRONG> (Thumb, 0 bytes, Stack size 16 bytes, _printf_hex_int.o(.text), UNUSED)

<P><STRONG><a name="[5e]"></a>__printf</STRONG> (Thumb, 306 bytes, Stack size 32 bytes, __printf_flags_wp.o(.text))
<BR><BR>[Stack]<UL><LI>Max Depth = 32 + Unknown Stack Size
<LI>Call Chain = __printf
</UL>
<BR>[Calls]<UL><LI><a href="#[60]">&gt;&gt;</a>&nbsp;&nbsp;&nbsp;_printf_percent
<LI><a href="#[5f]">&gt;&gt;</a>&nbsp;&nbsp;&nbsp;_is_digit
</UL>
<BR>[Called By]<UL><LI><a href="#[56]">&gt;&gt;</a>&nbsp;&nbsp;&nbsp;_printf_char_common
</UL>

<P><STRONG><a name="[61]"></a>atoi</STRONG> (Thumb, 26 bytes, Stack size 16 bytes, atoi.o(.text))
<BR><BR>[Stack]<UL><LI>Max Depth = 88<LI>Call Chain = atoi &rArr; strtol &rArr; _strtoul
</UL>
<BR>[Calls]<UL><LI><a href="#[63]">&gt;&gt;</a>&nbsp;&nbsp;&nbsp;strtol
<LI><a href="#[62]">&gt;&gt;</a>&nbsp;&nbsp;&nbsp;__aeabi_errno_addr
</UL>
<BR>[Called By]<UL><LI><a href="#[190]">&gt;&gt;</a>&nbsp;&nbsp;&nbsp;updateDisplayPeakLoadShiftingPEAKVALLEYSetData
<LI><a href="#[171]">&gt;&gt;</a>&nbsp;&nbsp;&nbsp;updateDisplayLeadAcidBatteryParaSetCapacityData
<LI><a href="#[178]">&gt;&gt;</a>&nbsp;&nbsp;&nbsp;updateDisplayIntelLoadParaSetData
<LI><a href="#[17e]">&gt;&gt;</a>&nbsp;&nbsp;&nbsp;updateDisplayGridReactivePowerSetData
<LI><a href="#[182]">&gt;&gt;</a>&nbsp;&nbsp;&nbsp;updateDisplayGridPriceTPFVTimePeriodSetData
<LI><a href="#[177]">&gt;&gt;</a>&nbsp;&nbsp;&nbsp;updateDisplayGenPowerParaSetData
<LI><a href="#[16e]">&gt;&gt;</a>&nbsp;&nbsp;&nbsp;updateDisplayBatteryLiIonParaSetEndofSOCData
<LI><a href="#[172]">&gt;&gt;</a>&nbsp;&nbsp;&nbsp;updateDisplayBatteryLeadAcidParaSetEndofSOCData
<LI><a href="#[192]">&gt;&gt;</a>&nbsp;&nbsp;&nbsp;updateDisplayBackupPowerSetData
<LI><a href="#[39b]">&gt;&gt;</a>&nbsp;&nbsp;&nbsp;setSystemSerialData
<LI><a href="#[38c]">&gt;&gt;</a>&nbsp;&nbsp;&nbsp;setDisplayTimetoRTCTime
<LI><a href="#[18f]">&gt;&gt;</a>&nbsp;&nbsp;&nbsp;updateDisplaySystemTPFVStrategyPeriodSetData
<LI><a href="#[196]">&gt;&gt;</a>&nbsp;&nbsp;&nbsp;updateDisplaySystemRegularStrategyPeriodSetData
<LI><a href="#[193]">&gt;&gt;</a>&nbsp;&nbsp;&nbsp;updateDisplaySystemGenStrategySetData
</UL>

<P><STRONG><a name="[bc]"></a>memcmp</STRONG> (Thumb, 90 bytes, Stack size 8 bytes, memcmp.o(.text))
<BR><BR>[Stack]<UL><LI>Max Depth = 8<LI>Call Chain = memcmp
</UL>
<BR>[Called By]<UL><LI><a href="#[1f9]">&gt;&gt;</a>&nbsp;&nbsp;&nbsp;Flash_Device_SampleAdjData_Write
<LI><a href="#[ed]">&gt;&gt;</a>&nbsp;&nbsp;&nbsp;Flash_Device_HardwareVersion_Write
<LI><a href="#[f1]">&gt;&gt;</a>&nbsp;&nbsp;&nbsp;Flash_Device_EESerialNumber_Write
<LI><a href="#[1e0]">&gt;&gt;</a>&nbsp;&nbsp;&nbsp;EnergyRunning
<LI><a href="#[31f]">&gt;&gt;</a>&nbsp;&nbsp;&nbsp;SPI_Flash_Device_GD25qxx_WriteBytes
<LI><a href="#[1f8]">&gt;&gt;</a>&nbsp;&nbsp;&nbsp;Flash_Device_ProtectInfo_Write
<LI><a href="#[1f7]">&gt;&gt;</a>&nbsp;&nbsp;&nbsp;Flash_Device_PVInfo_Write
<LI><a href="#[1f6]">&gt;&gt;</a>&nbsp;&nbsp;&nbsp;Flash_Device_OperateRecord_Write
<LI><a href="#[1af]">&gt;&gt;</a>&nbsp;&nbsp;&nbsp;Flash_Device_FaultData_Write
<LI><a href="#[1f2]">&gt;&gt;</a>&nbsp;&nbsp;&nbsp;Flash_Device_ElecPriceData_Write
<LI><a href="#[b9]">&gt;&gt;</a>&nbsp;&nbsp;&nbsp;BL5372_Device_Get_Time
<LI><a href="#[1fa]">&gt;&gt;</a>&nbsp;&nbsp;&nbsp;Flash_Device_StrategyData_Write
<LI><a href="#[1f4]">&gt;&gt;</a>&nbsp;&nbsp;&nbsp;Flash_Device_GridInfo_Write
<LI><a href="#[1f3]">&gt;&gt;</a>&nbsp;&nbsp;&nbsp;Flash_Device_GenInfo_Write
<LI><a href="#[1f0]">&gt;&gt;</a>&nbsp;&nbsp;&nbsp;Flash_Device_BMSInfo_Write
</UL>

<P><STRONG><a name="[66d]"></a>strcpy</STRONG> (Thumb, 70 bytes, Stack size 16 bytes, strcpy.o(.text))
<BR><BR>[Stack]<UL><LI>Max Depth = 16<LI>Call Chain = strcpy
</UL>
<BR>[Called By]<UL><LI><a href="#[665]">&gt;&gt;</a>&nbsp;&nbsp;&nbsp;updateDisplaySystemTimeSetData_Chinese
<LI><a href="#[664]">&gt;&gt;</a>&nbsp;&nbsp;&nbsp;updateDisplaySystemTimeSetData_English
</UL>

<P><STRONG><a name="[64]"></a>__aeabi_memcpy</STRONG> (Thumb, 130 bytes, Stack size 24 bytes, rt_memcpy.o(.text))
<BR><BR>[Stack]<UL><LI>Max Depth = 24<LI>Call Chain = __aeabi_memcpy
</UL>
<BR>[Calls]<UL><LI><a href="#[65]">&gt;&gt;</a>&nbsp;&nbsp;&nbsp;__aeabi_memcpy4
</UL>
<BR>[Called By]<UL><LI><a href="#[b5]">&gt;&gt;</a>&nbsp;&nbsp;&nbsp;Flash_Device_SampleAdjData_Read
<LI><a href="#[1f5]">&gt;&gt;</a>&nbsp;&nbsp;&nbsp;Flash_Device_HardwareVersion_Read
<LI><a href="#[1f1]">&gt;&gt;</a>&nbsp;&nbsp;&nbsp;Flash_Device_EESerialNumber_Read
<LI><a href="#[10e]">&gt;&gt;</a>&nbsp;&nbsp;&nbsp;EMSCan_SendPacket
<LI><a href="#[d4]">&gt;&gt;</a>&nbsp;&nbsp;&nbsp;BMSCan_SendPacket
<LI><a href="#[d2]">&gt;&gt;</a>&nbsp;&nbsp;&nbsp;BMSCan_ReceivePacket
<LI><a href="#[1d8]">&gt;&gt;</a>&nbsp;&nbsp;&nbsp;SerialNumberInit
<LI><a href="#[1d9]">&gt;&gt;</a>&nbsp;&nbsp;&nbsp;ModelCodeInit
<LI><a href="#[b3]">&gt;&gt;</a>&nbsp;&nbsp;&nbsp;AdjustParamInit
<LI><a href="#[1e8]">&gt;&gt;</a>&nbsp;&nbsp;&nbsp;SetPcs10HEnergyStrategy
<LI><a href="#[24b]">&gt;&gt;</a>&nbsp;&nbsp;&nbsp;GetTotalParamInfo
<LI><a href="#[1e2]">&gt;&gt;</a>&nbsp;&nbsp;&nbsp;GetPcs10HEmsParam
<LI><a href="#[246]">&gt;&gt;</a>&nbsp;&nbsp;&nbsp;GetPV2Information
<LI><a href="#[245]">&gt;&gt;</a>&nbsp;&nbsp;&nbsp;GetPV1Information
<LI><a href="#[244]">&gt;&gt;</a>&nbsp;&nbsp;&nbsp;GetInvInformation
<LI><a href="#[236]">&gt;&gt;</a>&nbsp;&nbsp;&nbsp;GetDisplaySystemFault
<LI><a href="#[235]">&gt;&gt;</a>&nbsp;&nbsp;&nbsp;GetDisplayInvFault
<LI><a href="#[212]">&gt;&gt;</a>&nbsp;&nbsp;&nbsp;GetDisplayDCDCFault
<LI><a href="#[1e3]">&gt;&gt;</a>&nbsp;&nbsp;&nbsp;GetDCDCInformation
<LI><a href="#[23b]">&gt;&gt;</a>&nbsp;&nbsp;&nbsp;GetDisplayPV2Fault
<LI><a href="#[23a]">&gt;&gt;</a>&nbsp;&nbsp;&nbsp;GetDisplayPV1Fault
<LI><a href="#[1f9]">&gt;&gt;</a>&nbsp;&nbsp;&nbsp;Flash_Device_SampleAdjData_Write
<LI><a href="#[ed]">&gt;&gt;</a>&nbsp;&nbsp;&nbsp;Flash_Device_HardwareVersion_Write
<LI><a href="#[f1]">&gt;&gt;</a>&nbsp;&nbsp;&nbsp;Flash_Device_EESerialNumber_Write
<LI><a href="#[2de]">&gt;&gt;</a>&nbsp;&nbsp;&nbsp;MB_PCS_Slave_Parsing_RTU_Frame
<LI><a href="#[de]">&gt;&gt;</a>&nbsp;&nbsp;&nbsp;WeakBatteryProtect
<LI><a href="#[1e4]">&gt;&gt;</a>&nbsp;&nbsp;&nbsp;GetBMSProtectParam
<LI><a href="#[1e0]">&gt;&gt;</a>&nbsp;&nbsp;&nbsp;EnergyRunning
<LI><a href="#[31f]">&gt;&gt;</a>&nbsp;&nbsp;&nbsp;SPI_Flash_Device_GD25qxx_WriteBytes
<LI><a href="#[1f8]">&gt;&gt;</a>&nbsp;&nbsp;&nbsp;Flash_Device_ProtectInfo_Write
<LI><a href="#[1f7]">&gt;&gt;</a>&nbsp;&nbsp;&nbsp;Flash_Device_PVInfo_Write
<LI><a href="#[1f6]">&gt;&gt;</a>&nbsp;&nbsp;&nbsp;Flash_Device_OperateRecord_Write
<LI><a href="#[1b1]">&gt;&gt;</a>&nbsp;&nbsp;&nbsp;Flash_Device_OperateRecord_Read
<LI><a href="#[1af]">&gt;&gt;</a>&nbsp;&nbsp;&nbsp;Flash_Device_FaultData_Write
<LI><a href="#[1ea]">&gt;&gt;</a>&nbsp;&nbsp;&nbsp;Flash_Device_FaultData_Read
<LI><a href="#[1f2]">&gt;&gt;</a>&nbsp;&nbsp;&nbsp;Flash_Device_ElecPriceData_Write
<LI><a href="#[1c1]">&gt;&gt;</a>&nbsp;&nbsp;&nbsp;can2_ReceivePacket
<LI><a href="#[22c]">&gt;&gt;</a>&nbsp;&nbsp;&nbsp;GetDisplayBMSCanFault
<LI><a href="#[22e]">&gt;&gt;</a>&nbsp;&nbsp;&nbsp;GetDisplayBMSFault
<LI><a href="#[211]">&gt;&gt;</a>&nbsp;&nbsp;&nbsp;GetBmsPylonMutualInfo
<LI><a href="#[210]">&gt;&gt;</a>&nbsp;&nbsp;&nbsp;GetBmsPylonAnalogInfo
<LI><a href="#[226]">&gt;&gt;</a>&nbsp;&nbsp;&nbsp;GetTotalSysParamToCloudData
<LI><a href="#[21e]">&gt;&gt;</a>&nbsp;&nbsp;&nbsp;GetCloudInputSysParamTimeSet
<LI><a href="#[d0]">&gt;&gt;</a>&nbsp;&nbsp;&nbsp;InsertRealFaultQueue
<LI><a href="#[13c]">&gt;&gt;</a>&nbsp;&nbsp;&nbsp;InsertHistoryFaultQueue
<LI><a href="#[d1]">&gt;&gt;</a>&nbsp;&nbsp;&nbsp;DeteleRealFaultQueue
<LI><a href="#[373]">&gt;&gt;</a>&nbsp;&nbsp;&nbsp;read_Can_msg
<LI><a href="#[271]">&gt;&gt;</a>&nbsp;&nbsp;&nbsp;HAL_FDCAN_RxFifo0Callback
<LI><a href="#[67]">&gt;&gt;</a>&nbsp;&nbsp;&nbsp;__aeabi_memmove
<LI><a href="#[38c]">&gt;&gt;</a>&nbsp;&nbsp;&nbsp;setDisplayTimetoRTCTime
<LI><a href="#[38b]">&gt;&gt;</a>&nbsp;&nbsp;&nbsp;setDisplayPasswordtToFlash
<LI><a href="#[1a2]">&gt;&gt;</a>&nbsp;&nbsp;&nbsp;getDisplayPasswordFromFlash
<LI><a href="#[24f]">&gt;&gt;</a>&nbsp;&nbsp;&nbsp;Get_NTC_Para
<LI><a href="#[327]">&gt;&gt;</a>&nbsp;&nbsp;&nbsp;Set_DeviceTime
<LI><a href="#[24e]">&gt;&gt;</a>&nbsp;&nbsp;&nbsp;Get_DeviceTime
<LI><a href="#[326]">&gt;&gt;</a>&nbsp;&nbsp;&nbsp;SetPcs10HGridStandardInfo
<LI><a href="#[294]">&gt;&gt;</a>&nbsp;&nbsp;&nbsp;InsertOperationRecordQueue
<LI><a href="#[f3]">&gt;&gt;</a>&nbsp;&nbsp;&nbsp;Get_SysTime
<LI><a href="#[243]">&gt;&gt;</a>&nbsp;&nbsp;&nbsp;GetDisplaySoftwareVersion
<LI><a href="#[1fa]">&gt;&gt;</a>&nbsp;&nbsp;&nbsp;Flash_Device_StrategyData_Write
<LI><a href="#[141]">&gt;&gt;</a>&nbsp;&nbsp;&nbsp;Flash_Device_StrategyData_Read
<LI><a href="#[f6]">&gt;&gt;</a>&nbsp;&nbsp;&nbsp;Flash_Device_StatisticsData_Read
<LI><a href="#[147]">&gt;&gt;</a>&nbsp;&nbsp;&nbsp;Flash_Device_ProtectInfo_Read
<LI><a href="#[144]">&gt;&gt;</a>&nbsp;&nbsp;&nbsp;Flash_Device_Password_Read
<LI><a href="#[149]">&gt;&gt;</a>&nbsp;&nbsp;&nbsp;Flash_Device_PVInfo_Read
<LI><a href="#[145]">&gt;&gt;</a>&nbsp;&nbsp;&nbsp;Flash_Device_PCSSerial_Read
<LI><a href="#[1f4]">&gt;&gt;</a>&nbsp;&nbsp;&nbsp;Flash_Device_GridInfo_Write
<LI><a href="#[14b]">&gt;&gt;</a>&nbsp;&nbsp;&nbsp;Flash_Device_GridInfo_Read
<LI><a href="#[1f3]">&gt;&gt;</a>&nbsp;&nbsp;&nbsp;Flash_Device_GenInfo_Write
<LI><a href="#[14c]">&gt;&gt;</a>&nbsp;&nbsp;&nbsp;Flash_Device_GenInfo_Read
<LI><a href="#[140]">&gt;&gt;</a>&nbsp;&nbsp;&nbsp;Flash_Device_ElecPriceData_Read
<LI><a href="#[146]">&gt;&gt;</a>&nbsp;&nbsp;&nbsp;Flash_Device_CTRadio_Read
<LI><a href="#[1f0]">&gt;&gt;</a>&nbsp;&nbsp;&nbsp;Flash_Device_BMSInfo_Write
<LI><a href="#[14a]">&gt;&gt;</a>&nbsp;&nbsp;&nbsp;Flash_Device_BMSInfo_Read
</UL>

<P><STRONG><a name="[698]"></a>__rt_memcpy</STRONG> (Thumb, 0 bytes, Stack size 24 bytes, rt_memcpy.o(.text), UNUSED)

<P><STRONG><a name="[66]"></a>__aeabi_memmove4</STRONG> (Thumb, 70 bytes, Stack size 16 bytes, rt_memmove.o(.text))
<BR><BR>[Stack]<UL><LI>Max Depth = 16<LI>Call Chain = __aeabi_memmove4
</UL>
<BR>[Calls]<UL><LI><a href="#[65]">&gt;&gt;</a>&nbsp;&nbsp;&nbsp;__aeabi_memcpy4
</UL>
<BR>[Called By]<UL><LI><a href="#[67]">&gt;&gt;</a>&nbsp;&nbsp;&nbsp;__aeabi_memmove
</UL>

<P><STRONG><a name="[699]"></a>__aeabi_memmove8</STRONG> (Thumb, 0 bytes, Stack size 16 bytes, rt_memmove.o(.text), UNUSED)

<P><STRONG><a name="[67]"></a>__aeabi_memmove</STRONG> (Thumb, 80 bytes, Stack size 24 bytes, rt_memmove.o(.text))
<BR><BR>[Stack]<UL><LI>Max Depth = 48<LI>Call Chain = __aeabi_memmove &rArr; __aeabi_memcpy
</UL>
<BR>[Calls]<UL><LI><a href="#[66]">&gt;&gt;</a>&nbsp;&nbsp;&nbsp;__aeabi_memmove4
<LI><a href="#[64]">&gt;&gt;</a>&nbsp;&nbsp;&nbsp;__aeabi_memcpy
</UL>
<BR>[Called By]<UL><LI><a href="#[e9]">&gt;&gt;</a>&nbsp;&nbsp;&nbsp;CalculatePVAverageFilterValue
<LI><a href="#[e8]">&gt;&gt;</a>&nbsp;&nbsp;&nbsp;CalculateOutputAverageFilterValue
<LI><a href="#[e7]">&gt;&gt;</a>&nbsp;&nbsp;&nbsp;CalculateLoadAverageFilterValue
<LI><a href="#[e6]">&gt;&gt;</a>&nbsp;&nbsp;&nbsp;CalculateInputAverageFilterValue
<LI><a href="#[e5]">&gt;&gt;</a>&nbsp;&nbsp;&nbsp;CalculateDisChargeAverageFilterValue
<LI><a href="#[e4]">&gt;&gt;</a>&nbsp;&nbsp;&nbsp;CalculateChargeAverageFilterValue
<LI><a href="#[e3]">&gt;&gt;</a>&nbsp;&nbsp;&nbsp;CalculateAverageFilterValue
</UL>

<P><STRONG><a name="[69a]"></a>__rt_memmove</STRONG> (Thumb, 0 bytes, Stack size 24 bytes, rt_memmove.o(.text), UNUSED)

<P><STRONG><a name="[68]"></a>__aeabi_memset</STRONG> (Thumb, 18 bytes, Stack size 8 bytes, aeabi_memset.o(.text))
<BR><BR>[Stack]<UL><LI>Max Depth = 8<LI>Call Chain = __aeabi_memset
</UL>
<BR>[Calls]<UL><LI><a href="#[69]">&gt;&gt;</a>&nbsp;&nbsp;&nbsp;_memset
</UL>
<BR>[Called By]<UL><LI><a href="#[154]">&gt;&gt;</a>&nbsp;&nbsp;&nbsp;updateDisplayLoginData
</UL>

<P><STRONG><a name="[6a]"></a>_memset_w</STRONG> (Thumb, 26 bytes, Stack size 0 bytes, rt_memclr.o(.text))
<BR><BR>[Called By]<UL><LI><a href="#[6c]">&gt;&gt;</a>&nbsp;&nbsp;&nbsp;__rt_memclr_w
<LI><a href="#[69]">&gt;&gt;</a>&nbsp;&nbsp;&nbsp;_memset
</UL>

<P><STRONG><a name="[69]"></a>_memset</STRONG> (Thumb, 30 bytes, Stack size 0 bytes, rt_memclr.o(.text))
<BR><BR>[Calls]<UL><LI><a href="#[6a]">&gt;&gt;</a>&nbsp;&nbsp;&nbsp;_memset_w
</UL>
<BR>[Called By]<UL><LI><a href="#[6b]">&gt;&gt;</a>&nbsp;&nbsp;&nbsp;__aeabi_memclr
<LI><a href="#[68]">&gt;&gt;</a>&nbsp;&nbsp;&nbsp;__aeabi_memset
</UL>

<P><STRONG><a name="[6b]"></a>__aeabi_memclr</STRONG> (Thumb, 4 bytes, Stack size 0 bytes, rt_memclr.o(.text))
<BR><BR>[Calls]<UL><LI><a href="#[69]">&gt;&gt;</a>&nbsp;&nbsp;&nbsp;_memset
</UL>
<BR>[Called By]<UL><LI><a href="#[2f7]">&gt;&gt;</a>&nbsp;&nbsp;&nbsp;UART_Driver_Init
<LI><a href="#[104]">&gt;&gt;</a>&nbsp;&nbsp;&nbsp;EmsCommunicateBreakCheck
<LI><a href="#[fb]">&gt;&gt;</a>&nbsp;&nbsp;&nbsp;Comm2BmsCan_Receive_Service
<LI><a href="#[25e]">&gt;&gt;</a>&nbsp;&nbsp;&nbsp;Statistics_Service_InitVar
<LI><a href="#[258]">&gt;&gt;</a>&nbsp;&nbsp;&nbsp;RTC_Service_InitVar
<LI><a href="#[254]">&gt;&gt;</a>&nbsp;&nbsp;&nbsp;Modbus_InitVar
<LI><a href="#[df]">&gt;&gt;</a>&nbsp;&nbsp;&nbsp;Battery_Service_InitVar
<LI><a href="#[dc]">&gt;&gt;</a>&nbsp;&nbsp;&nbsp;LeadBattery_Running
<LI><a href="#[1e6]">&gt;&gt;</a>&nbsp;&nbsp;&nbsp;RemoteControlEnergyRunning
<LI><a href="#[226]">&gt;&gt;</a>&nbsp;&nbsp;&nbsp;GetTotalSysParamToCloudData
<LI><a href="#[22b]">&gt;&gt;</a>&nbsp;&nbsp;&nbsp;GetSystemStatisticalToCloudData
<LI><a href="#[228]">&gt;&gt;</a>&nbsp;&nbsp;&nbsp;GetPVInfoToCloudData
<LI><a href="#[229]">&gt;&gt;</a>&nbsp;&nbsp;&nbsp;GetLoadInfoToCloudData
<LI><a href="#[22a]">&gt;&gt;</a>&nbsp;&nbsp;&nbsp;GetInvGenInfoToCloudData
<LI><a href="#[227]">&gt;&gt;</a>&nbsp;&nbsp;&nbsp;GetGirdParmInfoToCloudData
<LI><a href="#[20f]">&gt;&gt;</a>&nbsp;&nbsp;&nbsp;GetBatInfoToCloudData
<LI><a href="#[1e9]">&gt;&gt;</a>&nbsp;&nbsp;&nbsp;FaultInit
<LI><a href="#[594]">&gt;&gt;</a>&nbsp;&nbsp;&nbsp;updateDisplayStatistics_Year_English
<LI><a href="#[58b]">&gt;&gt;</a>&nbsp;&nbsp;&nbsp;updateDisplayStatistics_Month_English
<LI><a href="#[567]">&gt;&gt;</a>&nbsp;&nbsp;&nbsp;updateDisplayStatistics_English
<LI><a href="#[582]">&gt;&gt;</a>&nbsp;&nbsp;&nbsp;updateDisplayStatistics_Day_English
<LI><a href="#[579]">&gt;&gt;</a>&nbsp;&nbsp;&nbsp;updateDisplayStatistics_All_English
<LI><a href="#[570]">&gt;&gt;</a>&nbsp;&nbsp;&nbsp;updateDisplayStatisticsData_English
<LI><a href="#[55e]">&gt;&gt;</a>&nbsp;&nbsp;&nbsp;updateDisplaySettingMenuData_English
<LI><a href="#[556]">&gt;&gt;</a>&nbsp;&nbsp;&nbsp;updateDisplayRunningStatus_English
<LI><a href="#[54d]">&gt;&gt;</a>&nbsp;&nbsp;&nbsp;updateDisplayRealtimeData_English
<LI><a href="#[544]">&gt;&gt;</a>&nbsp;&nbsp;&nbsp;updateDisplayRealFaultData_English
<LI><a href="#[53a]">&gt;&gt;</a>&nbsp;&nbsp;&nbsp;updateDisplayProtectSetData_English
<LI><a href="#[530]">&gt;&gt;</a>&nbsp;&nbsp;&nbsp;updateDisplayProtectItemSetData_English
<LI><a href="#[52f]">&gt;&gt;</a>&nbsp;&nbsp;&nbsp;updateDisplayProtectItemNameSetData
<LI><a href="#[438]">&gt;&gt;</a>&nbsp;&nbsp;&nbsp;updateDisplayPowerLoadData_English
<LI><a href="#[51e]">&gt;&gt;</a>&nbsp;&nbsp;&nbsp;updateDisplayPolicySettings_English
<LI><a href="#[515]">&gt;&gt;</a>&nbsp;&nbsp;&nbsp;updateDisplayPeakLoadShiftingSetData_English
<LI><a href="#[50c]">&gt;&gt;</a>&nbsp;&nbsp;&nbsp;updateDisplayPeakLoadShiftingPEAKVALLEYSetData_English
<LI><a href="#[190]">&gt;&gt;</a>&nbsp;&nbsp;&nbsp;updateDisplayPeakLoadShiftingPEAKVALLEYSetData
<LI><a href="#[503]">&gt;&gt;</a>&nbsp;&nbsp;&nbsp;updateDisplayPVSetData_English
<LI><a href="#[4fa]">&gt;&gt;</a>&nbsp;&nbsp;&nbsp;updateDisplayPVData_English
<LI><a href="#[42e]">&gt;&gt;</a>&nbsp;&nbsp;&nbsp;updateDisplayPVControlWaySetData_English
<LI><a href="#[4ef]">&gt;&gt;</a>&nbsp;&nbsp;&nbsp;updateDisplayOperationRecordData_English
<LI><a href="#[4e6]">&gt;&gt;</a>&nbsp;&nbsp;&nbsp;updateDisplayMenuSetData_English
<LI><a href="#[4dd]">&gt;&gt;</a>&nbsp;&nbsp;&nbsp;updateDisplayMachin_English
<LI><a href="#[4d4]">&gt;&gt;</a>&nbsp;&nbsp;&nbsp;updateDisplayLoginData_English
<LI><a href="#[4cb]">&gt;&gt;</a>&nbsp;&nbsp;&nbsp;updateDisplayLogData_English
<LI><a href="#[4c2]">&gt;&gt;</a>&nbsp;&nbsp;&nbsp;updateDisplayLeadAcidBatteryTypeSetData_English
<LI><a href="#[4b9]">&gt;&gt;</a>&nbsp;&nbsp;&nbsp;updateDisplayLeadAcidBatteryParaSetVoltPointData_English
<LI><a href="#[4b0]">&gt;&gt;</a>&nbsp;&nbsp;&nbsp;updateDisplayLeadAcidBatteryParaSetCapacityData_English
<LI><a href="#[4a7]">&gt;&gt;</a>&nbsp;&nbsp;&nbsp;updateDisplayIntelLoadSetData_English
<LI><a href="#[495]">&gt;&gt;</a>&nbsp;&nbsp;&nbsp;updateDisplayHistoryFaultData_English
<LI><a href="#[48b]">&gt;&gt;</a>&nbsp;&nbsp;&nbsp;updateDisplayGridSetData_English
<LI><a href="#[482]">&gt;&gt;</a>&nbsp;&nbsp;&nbsp;updateDisplayGridSRSetData_English
<LI><a href="#[479]">&gt;&gt;</a>&nbsp;&nbsp;&nbsp;updateDisplayGridReactivePowerSetData_English
<LI><a href="#[17e]">&gt;&gt;</a>&nbsp;&nbsp;&nbsp;updateDisplayGridReactivePowerSetData
<LI><a href="#[470]">&gt;&gt;</a>&nbsp;&nbsp;&nbsp;updateDisplayGridReactPowerControlWaySetData_English
<LI><a href="#[467]">&gt;&gt;</a>&nbsp;&nbsp;&nbsp;updateDisplayGridPriceTPFVTimePeriodSetData_English
<LI><a href="#[45e]">&gt;&gt;</a>&nbsp;&nbsp;&nbsp;updateDisplayGridPriceTPFVSetData_English
<LI><a href="#[454]">&gt;&gt;</a>&nbsp;&nbsp;&nbsp;updateDisplayGridPriceSetData_English
<LI><a href="#[44c]">&gt;&gt;</a>&nbsp;&nbsp;&nbsp;updateDisplayGridPowerSettingsData_English
<LI><a href="#[443]">&gt;&gt;</a>&nbsp;&nbsp;&nbsp;updateDisplayGridPowerFactorSetData_English
<LI><a href="#[439]">&gt;&gt;</a>&nbsp;&nbsp;&nbsp;updateDisplayGridData_English
<LI><a href="#[42f]">&gt;&gt;</a>&nbsp;&nbsp;&nbsp;updateDisplayGeneratorData_English
<LI><a href="#[425]">&gt;&gt;</a>&nbsp;&nbsp;&nbsp;updateDisplayGenUsageSelectSetData_English
<LI><a href="#[41c]">&gt;&gt;</a>&nbsp;&nbsp;&nbsp;updateDisplayGenSetData_English
<LI><a href="#[413]">&gt;&gt;</a>&nbsp;&nbsp;&nbsp;updateDisplayGenPowerParaSetData_English
<LI><a href="#[40a]">&gt;&gt;</a>&nbsp;&nbsp;&nbsp;updateDisplayGenDryRlySelectSetData_English
<LI><a href="#[401]">&gt;&gt;</a>&nbsp;&nbsp;&nbsp;updateDisplayFactoryData_English
<LI><a href="#[3f9]">&gt;&gt;</a>&nbsp;&nbsp;&nbsp;updateDisplayDetailedInfoData_English
<LI><a href="#[3f0]">&gt;&gt;</a>&nbsp;&nbsp;&nbsp;updateDisplayBatteryTypeSetData_English
<LI><a href="#[3e7]">&gt;&gt;</a>&nbsp;&nbsp;&nbsp;updateDisplayBatteryManufacturerSetData_English
<LI><a href="#[3dd]">&gt;&gt;</a>&nbsp;&nbsp;&nbsp;updateDisplayBatteryLiIonParaSetEndofSOCData_English
<LI><a href="#[3d4]">&gt;&gt;</a>&nbsp;&nbsp;&nbsp;updateDisplayBatteryLiIonParaSetData_English
<LI><a href="#[3cb]">&gt;&gt;</a>&nbsp;&nbsp;&nbsp;updateDisplayBatteryLiIonParaSetCurrentData_English
<LI><a href="#[3c1]">&gt;&gt;</a>&nbsp;&nbsp;&nbsp;updateDisplayBatteryLiIonComWaySetData_English
<LI><a href="#[3b7]">&gt;&gt;</a>&nbsp;&nbsp;&nbsp;updateDisplayBatteryLeadAcidParaSetEndofSOCData_English
<LI><a href="#[3ae]">&gt;&gt;</a>&nbsp;&nbsp;&nbsp;updateDisplayBatteryData_English
<LI><a href="#[3a6]">&gt;&gt;</a>&nbsp;&nbsp;&nbsp;updateDisplayBackupPowerSetData_English
<LI><a href="#[192]">&gt;&gt;</a>&nbsp;&nbsp;&nbsp;updateDisplayBackupPowerSetData
<LI><a href="#[39d]">&gt;&gt;</a>&nbsp;&nbsp;&nbsp;updateDisplayBMSSetData_English
<LI><a href="#[1b2]">&gt;&gt;</a>&nbsp;&nbsp;&nbsp;Display_Clear_SystemStatistical
<LI><a href="#[14e]">&gt;&gt;</a>&nbsp;&nbsp;&nbsp;DisplayRunning
<LI><a href="#[13d]">&gt;&gt;</a>&nbsp;&nbsp;&nbsp;DisplayInit
<LI><a href="#[b7]">&gt;&gt;</a>&nbsp;&nbsp;&nbsp;ArrayFixFlickerStartPosAndEndPosInit_English
<LI><a href="#[b6]">&gt;&gt;</a>&nbsp;&nbsp;&nbsp;ArrayFixFlickerStartPosAndEndPosInit_Chinese
<LI><a href="#[5de]">&gt;&gt;</a>&nbsp;&nbsp;&nbsp;updateDisplayTipPasswordShort_Chinese
<LI><a href="#[665]">&gt;&gt;</a>&nbsp;&nbsp;&nbsp;updateDisplaySystemTimeSetData_Chinese
<LI><a href="#[65c]">&gt;&gt;</a>&nbsp;&nbsp;&nbsp;updateDisplaySystemTPFVStrategySetData_Chinese
<LI><a href="#[653]">&gt;&gt;</a>&nbsp;&nbsp;&nbsp;updateDisplaySystemTPFVStrategyPeriodSetData_Chinese
<LI><a href="#[64a]">&gt;&gt;</a>&nbsp;&nbsp;&nbsp;updateDisplaySystemSetData_Chinese
<LI><a href="#[641]">&gt;&gt;</a>&nbsp;&nbsp;&nbsp;updateDisplaySystemSerialSetData_Chinese
<LI><a href="#[638]">&gt;&gt;</a>&nbsp;&nbsp;&nbsp;updateDisplaySystemSelfStrategySetData_Chinese
<LI><a href="#[62f]">&gt;&gt;</a>&nbsp;&nbsp;&nbsp;updateDisplaySystemRemoteControlData_Chinese
<LI><a href="#[626]">&gt;&gt;</a>&nbsp;&nbsp;&nbsp;updateDisplaySystemRegularStrategySetData_Chinese
<LI><a href="#[61d]">&gt;&gt;</a>&nbsp;&nbsp;&nbsp;updateDisplaySystemRegularStrategyPeriodSetData_Chinese
<LI><a href="#[614]">&gt;&gt;</a>&nbsp;&nbsp;&nbsp;updateDisplaySystemRegularStrategyAbstractSetData_Chinese
<LI><a href="#[5d5]">&gt;&gt;</a>&nbsp;&nbsp;&nbsp;updateDisplaySystemPasswordSetData_Chinese
<LI><a href="#[5cc]">&gt;&gt;</a>&nbsp;&nbsp;&nbsp;updateDisplaySystemLanguageSetData_Chinese
<LI><a href="#[5c3]">&gt;&gt;</a>&nbsp;&nbsp;&nbsp;updateDisplaySystemInsulationDetetionData_Chinese
<LI><a href="#[5ba]">&gt;&gt;</a>&nbsp;&nbsp;&nbsp;updateDisplaySystemGenStrategySetData_Chinese
<LI><a href="#[5b1]">&gt;&gt;</a>&nbsp;&nbsp;&nbsp;updateDisplaySystemData_Chinese
<LI><a href="#[5a8]">&gt;&gt;</a>&nbsp;&nbsp;&nbsp;updateDisplaySystemConfirm_Chinese
<LI><a href="#[59e]">&gt;&gt;</a>&nbsp;&nbsp;&nbsp;updateDisplaySystemCommResetData_Chinese
<LI><a href="#[571]">&gt;&gt;</a>&nbsp;&nbsp;&nbsp;updateDisplayStatisticsData_Chinese
<LI><a href="#[54e]">&gt;&gt;</a>&nbsp;&nbsp;&nbsp;updateDisplayRealtimeData_Chinese
<LI><a href="#[545]">&gt;&gt;</a>&nbsp;&nbsp;&nbsp;updateDisplayRealFaultData_Chinese
<LI><a href="#[53b]">&gt;&gt;</a>&nbsp;&nbsp;&nbsp;updateDisplayProtectSetData_Chinese
<LI><a href="#[532]">&gt;&gt;</a>&nbsp;&nbsp;&nbsp;updateDisplayProtectItemSetData_Chinese
<LI><a href="#[504]">&gt;&gt;</a>&nbsp;&nbsp;&nbsp;updateDisplayPVSetData_Chinese
<LI><a href="#[4f8]">&gt;&gt;</a>&nbsp;&nbsp;&nbsp;updateDisplayPVControlWaySetData_Chinese
<LI><a href="#[4f0]">&gt;&gt;</a>&nbsp;&nbsp;&nbsp;updateDisplayOperationRecordData_Chinese
<LI><a href="#[4d5]">&gt;&gt;</a>&nbsp;&nbsp;&nbsp;updateDisplayLoginData_Chinese
<LI><a href="#[496]">&gt;&gt;</a>&nbsp;&nbsp;&nbsp;updateDisplayHistoryFaultData_Chinese
<LI><a href="#[48c]">&gt;&gt;</a>&nbsp;&nbsp;&nbsp;updateDisplayGridSetData_Chinese
<LI><a href="#[483]">&gt;&gt;</a>&nbsp;&nbsp;&nbsp;updateDisplayGridSRSetData_Chinese
<LI><a href="#[47a]">&gt;&gt;</a>&nbsp;&nbsp;&nbsp;updateDisplayGridReactivePowerSetData_Chinese
<LI><a href="#[471]">&gt;&gt;</a>&nbsp;&nbsp;&nbsp;updateDisplayGridReactPowerControlWaySetData_Chinese
<LI><a href="#[468]">&gt;&gt;</a>&nbsp;&nbsp;&nbsp;updateDisplayGridPriceTPFVTimePeriodSetData_Chinese
<LI><a href="#[45f]">&gt;&gt;</a>&nbsp;&nbsp;&nbsp;updateDisplayGridPriceTPFVSetData_Chinese
<LI><a href="#[455]">&gt;&gt;</a>&nbsp;&nbsp;&nbsp;updateDisplayGridPriceSetData_Chinese
<LI><a href="#[444]">&gt;&gt;</a>&nbsp;&nbsp;&nbsp;updateDisplayGridPowerFactorSetData_Chinese
<LI><a href="#[3f1]">&gt;&gt;</a>&nbsp;&nbsp;&nbsp;updateDisplayBatteryTypeSetData_Chinese
<LI><a href="#[3e8]">&gt;&gt;</a>&nbsp;&nbsp;&nbsp;updateDisplayBatteryManufacturerSetData_Chinese
<LI><a href="#[39e]">&gt;&gt;</a>&nbsp;&nbsp;&nbsp;updateDisplayBMSSetData_Chinese
<LI><a href="#[1b0]">&gt;&gt;</a>&nbsp;&nbsp;&nbsp;Display_Clear_OperationRecordData
<LI><a href="#[1ae]">&gt;&gt;</a>&nbsp;&nbsp;&nbsp;Display_Clear_HistoryFaultData
<LI><a href="#[5dd]">&gt;&gt;</a>&nbsp;&nbsp;&nbsp;updateDisplayTipPasswordShort_English
<LI><a href="#[664]">&gt;&gt;</a>&nbsp;&nbsp;&nbsp;updateDisplaySystemTimeSetData_English
<LI><a href="#[65b]">&gt;&gt;</a>&nbsp;&nbsp;&nbsp;updateDisplaySystemTPFVStrategySetData_English
<LI><a href="#[652]">&gt;&gt;</a>&nbsp;&nbsp;&nbsp;updateDisplaySystemTPFVStrategyPeriodSetData_English
<LI><a href="#[649]">&gt;&gt;</a>&nbsp;&nbsp;&nbsp;updateDisplaySystemSetData_English
<LI><a href="#[640]">&gt;&gt;</a>&nbsp;&nbsp;&nbsp;updateDisplaySystemSerialSetData_English
<LI><a href="#[637]">&gt;&gt;</a>&nbsp;&nbsp;&nbsp;updateDisplaySystemSelfStrategySetData_English
<LI><a href="#[62e]">&gt;&gt;</a>&nbsp;&nbsp;&nbsp;updateDisplaySystemRemoteControlData_English
<LI><a href="#[625]">&gt;&gt;</a>&nbsp;&nbsp;&nbsp;updateDisplaySystemRegularStrategySetData_English
<LI><a href="#[61c]">&gt;&gt;</a>&nbsp;&nbsp;&nbsp;updateDisplaySystemRegularStrategyPeriodSetData_English
<LI><a href="#[613]">&gt;&gt;</a>&nbsp;&nbsp;&nbsp;updateDisplaySystemRegularStrategyAbstractSetData_English
<LI><a href="#[5d4]">&gt;&gt;</a>&nbsp;&nbsp;&nbsp;updateDisplaySystemPasswordSetData_English
<LI><a href="#[5cd]">&gt;&gt;</a>&nbsp;&nbsp;&nbsp;updateDisplaySystemLanguageSetData_Spanish
<LI><a href="#[5d0]">&gt;&gt;</a>&nbsp;&nbsp;&nbsp;updateDisplaySystemLanguageSetData_Polish
<LI><a href="#[5d1]">&gt;&gt;</a>&nbsp;&nbsp;&nbsp;updateDisplaySystemLanguageSetData_Italian
<LI><a href="#[5ce]">&gt;&gt;</a>&nbsp;&nbsp;&nbsp;updateDisplaySystemLanguageSetData_German
<LI><a href="#[5cf]">&gt;&gt;</a>&nbsp;&nbsp;&nbsp;updateDisplaySystemLanguageSetData_French
<LI><a href="#[5cb]">&gt;&gt;</a>&nbsp;&nbsp;&nbsp;updateDisplaySystemLanguageSetData_English
<LI><a href="#[5d3]">&gt;&gt;</a>&nbsp;&nbsp;&nbsp;updateDisplaySystemLanguageSetData_Dutch
<LI><a href="#[5d2]">&gt;&gt;</a>&nbsp;&nbsp;&nbsp;updateDisplaySystemLanguageSetData_Czech
<LI><a href="#[5c2]">&gt;&gt;</a>&nbsp;&nbsp;&nbsp;updateDisplaySystemInsulationDetetionData_English
<LI><a href="#[5b9]">&gt;&gt;</a>&nbsp;&nbsp;&nbsp;updateDisplaySystemGenStrategySetData_English
<LI><a href="#[5b0]">&gt;&gt;</a>&nbsp;&nbsp;&nbsp;updateDisplaySystemData_English
<LI><a href="#[5a7]">&gt;&gt;</a>&nbsp;&nbsp;&nbsp;updateDisplaySystemConfirm_English
<LI><a href="#[59d]">&gt;&gt;</a>&nbsp;&nbsp;&nbsp;updateDisplaySystemCommResetData_English
</UL>

<P><STRONG><a name="[6e]"></a>__rt_memclr</STRONG> (Thumb, 0 bytes, Stack size 0 bytes, rt_memclr.o(.text))
<BR><BR>[Called By]<UL><LI><a href="#[6d]">&gt;&gt;</a>&nbsp;&nbsp;&nbsp;strncpy
</UL>

<P><STRONG><a name="[b4]"></a>__aeabi_memclr4</STRONG> (Thumb, 0 bytes, Stack size 0 bytes, rt_memclr.o(.text))
<BR><BR>[Called By]<UL><LI><a href="#[203]">&gt;&gt;</a>&nbsp;&nbsp;&nbsp;GPIO_Driver_Initial
<LI><a href="#[b3]">&gt;&gt;</a>&nbsp;&nbsp;&nbsp;AdjustParamInit
<LI><a href="#[25e]">&gt;&gt;</a>&nbsp;&nbsp;&nbsp;Statistics_Service_InitVar
<LI><a href="#[2de]">&gt;&gt;</a>&nbsp;&nbsp;&nbsp;MB_PCS_Slave_Parsing_RTU_Frame
<LI><a href="#[db]">&gt;&gt;</a>&nbsp;&nbsp;&nbsp;GetProtectParas
<LI><a href="#[213]">&gt;&gt;</a>&nbsp;&nbsp;&nbsp;GetBatteryCoreData
<LI><a href="#[1e0]">&gt;&gt;</a>&nbsp;&nbsp;&nbsp;EnergyRunning
<LI><a href="#[1c2]">&gt;&gt;</a>&nbsp;&nbsp;&nbsp;can2_SendPacket
<LI><a href="#[d5]">&gt;&gt;</a>&nbsp;&nbsp;&nbsp;can1_SendPacket
<LI><a href="#[226]">&gt;&gt;</a>&nbsp;&nbsp;&nbsp;GetTotalSysParamToCloudData
<LI><a href="#[228]">&gt;&gt;</a>&nbsp;&nbsp;&nbsp;GetPVInfoToCloudData
<LI><a href="#[22a]">&gt;&gt;</a>&nbsp;&nbsp;&nbsp;GetInvGenInfoToCloudData
<LI><a href="#[227]">&gt;&gt;</a>&nbsp;&nbsp;&nbsp;GetGirdParmInfoToCloudData
<LI><a href="#[20f]">&gt;&gt;</a>&nbsp;&nbsp;&nbsp;GetBatInfoToCloudData
<LI><a href="#[293]">&gt;&gt;</a>&nbsp;&nbsp;&nbsp;getIndicationStatus
<LI><a href="#[1ec]">&gt;&gt;</a>&nbsp;&nbsp;&nbsp;FaultRunning
<LI><a href="#[30d]">&gt;&gt;</a>&nbsp;&nbsp;&nbsp;SYSFaultBitTransformFaultCode
<LI><a href="#[30e]">&gt;&gt;</a>&nbsp;&nbsp;&nbsp;SYSAlarmBitTransformFaultCode
<LI><a href="#[30c]">&gt;&gt;</a>&nbsp;&nbsp;&nbsp;PVFaultBitTransformFaultCode
<LI><a href="#[295]">&gt;&gt;</a>&nbsp;&nbsp;&nbsp;InvFaultBitTransformFaultCode
<LI><a href="#[d0]">&gt;&gt;</a>&nbsp;&nbsp;&nbsp;InsertRealFaultQueue
<LI><a href="#[13c]">&gt;&gt;</a>&nbsp;&nbsp;&nbsp;InsertHistoryFaultQueue
<LI><a href="#[20d]">&gt;&gt;</a>&nbsp;&nbsp;&nbsp;GenFaultBitTransformFaultCode
<LI><a href="#[1c3]">&gt;&gt;</a>&nbsp;&nbsp;&nbsp;EMSFaultBitTransformFaultCode
<LI><a href="#[d1]">&gt;&gt;</a>&nbsp;&nbsp;&nbsp;DeteleRealFaultQueue
<LI><a href="#[11e]">&gt;&gt;</a>&nbsp;&nbsp;&nbsp;DCDCFaultBitTransformFaultCode
<LI><a href="#[d6]">&gt;&gt;</a>&nbsp;&nbsp;&nbsp;BMSFaultBitTransformFaultCode
<LI><a href="#[cf]">&gt;&gt;</a>&nbsp;&nbsp;&nbsp;BMSCanFaultBitTransformFaultCode
<LI><a href="#[283]">&gt;&gt;</a>&nbsp;&nbsp;&nbsp;HAL_SPI_MspInit
<LI><a href="#[35f]">&gt;&gt;</a>&nbsp;&nbsp;&nbsp;UART_Driver_ComPort6_Init
<LI><a href="#[35e]">&gt;&gt;</a>&nbsp;&nbsp;&nbsp;UART_Driver_ComPort5_Init
<LI><a href="#[35d]">&gt;&gt;</a>&nbsp;&nbsp;&nbsp;UART_Driver_ComPort4_Init
<LI><a href="#[35c]">&gt;&gt;</a>&nbsp;&nbsp;&nbsp;UART_Driver_ComPort3_Init
<LI><a href="#[35b]">&gt;&gt;</a>&nbsp;&nbsp;&nbsp;UART_Driver_ComPort2_Init
<LI><a href="#[353]">&gt;&gt;</a>&nbsp;&nbsp;&nbsp;UART_Driver_ComPort1_Init
<LI><a href="#[34a]">&gt;&gt;</a>&nbsp;&nbsp;&nbsp;TIM_Driver_TIM1_Initial
<LI><a href="#[342]">&gt;&gt;</a>&nbsp;&nbsp;&nbsp;TIM_Driver_TIM15_Initial
<LI><a href="#[263]">&gt;&gt;</a>&nbsp;&nbsp;&nbsp;HAL_ADC_MspInit
<LI><a href="#[e2]">&gt;&gt;</a>&nbsp;&nbsp;&nbsp;bsp_InitCan2
<LI><a href="#[e1]">&gt;&gt;</a>&nbsp;&nbsp;&nbsp;bsp_InitCan1
<LI><a href="#[52f]">&gt;&gt;</a>&nbsp;&nbsp;&nbsp;updateDisplayProtectItemNameSetData
<LI><a href="#[4ef]">&gt;&gt;</a>&nbsp;&nbsp;&nbsp;updateDisplayOperationRecordData_English
<LI><a href="#[14d]">&gt;&gt;</a>&nbsp;&nbsp;&nbsp;SafetyRegulationInit
<LI><a href="#[14e]">&gt;&gt;</a>&nbsp;&nbsp;&nbsp;DisplayRunning
<LI><a href="#[b6]">&gt;&gt;</a>&nbsp;&nbsp;&nbsp;ArrayFixFlickerStartPosAndEndPosInit_Chinese
<LI><a href="#[322]">&gt;&gt;</a>&nbsp;&nbsp;&nbsp;SR_Service_InitVar
<LI><a href="#[294]">&gt;&gt;</a>&nbsp;&nbsp;&nbsp;InsertOperationRecordQueue
<LI><a href="#[209]">&gt;&gt;</a>&nbsp;&nbsp;&nbsp;GUI_Display
</UL>

<P><STRONG><a name="[69b]"></a>__aeabi_memclr8</STRONG> (Thumb, 0 bytes, Stack size 0 bytes, rt_memclr.o(.text), UNUSED)

<P><STRONG><a name="[6c]"></a>__rt_memclr_w</STRONG> (Thumb, 4 bytes, Stack size 0 bytes, rt_memclr.o(.text), UNUSED)
<BR><BR>[Calls]<UL><LI><a href="#[6a]">&gt;&gt;</a>&nbsp;&nbsp;&nbsp;_memset_w
</UL>

<P><STRONG><a name="[6d]"></a>strncpy</STRONG> (Thumb, 104 bytes, Stack size 24 bytes, strncpy.o(.text))
<BR><BR>[Stack]<UL><LI>Max Depth = 24<LI>Call Chain = strncpy
</UL>
<BR>[Calls]<UL><LI><a href="#[6e]">&gt;&gt;</a>&nbsp;&nbsp;&nbsp;__rt_memclr
</UL>
<BR>[Called By]<UL><LI><a href="#[382]">&gt;&gt;</a>&nbsp;&nbsp;&nbsp;getOperateNameByOperateCode_Chinese
<LI><a href="#[380]">&gt;&gt;</a>&nbsp;&nbsp;&nbsp;getOperatObjeNameByOperateObjCode_Chinese
<LI><a href="#[37a]">&gt;&gt;</a>&nbsp;&nbsp;&nbsp;getFaultNameByFaultCode_Chinese
<LI><a href="#[381]">&gt;&gt;</a>&nbsp;&nbsp;&nbsp;getOperateNameByOperateCode
<LI><a href="#[37f]">&gt;&gt;</a>&nbsp;&nbsp;&nbsp;getOperatObjeNameByOperateObjCode
<LI><a href="#[379]">&gt;&gt;</a>&nbsp;&nbsp;&nbsp;getFaultNameByFaultCode
</UL>

<P><STRONG><a name="[1a4]"></a>strcmp</STRONG> (Thumb, 132 bytes, Stack size 16 bytes, strcmp.o(.text))
<BR><BR>[Stack]<UL><LI>Max Depth = 16<LI>Call Chain = strcmp
</UL>
<BR>[Called By]<UL><LI><a href="#[33]">&gt;&gt;</a>&nbsp;&nbsp;&nbsp;_get_lc_ctype
<LI><a href="#[49]">&gt;&gt;</a>&nbsp;&nbsp;&nbsp;_get_lc_numeric
<LI><a href="#[1a3]">&gt;&gt;</a>&nbsp;&nbsp;&nbsp;DisplaySystemPasswordVerify
</UL>

<P><STRONG><a name="[1b8]"></a>__aeabi_uread4</STRONG> (Thumb, 34 bytes, Stack size 0 bytes, uread4.o(.text))
<BR><BR>[Called By]<UL><LI><a href="#[119]">&gt;&gt;</a>&nbsp;&nbsp;&nbsp;MB_Master_Meter_Retransmit
<LI><a href="#[de]">&gt;&gt;</a>&nbsp;&nbsp;&nbsp;WeakBatteryProtect
<LI><a href="#[2c1]">&gt;&gt;</a>&nbsp;&nbsp;&nbsp;LeadBattery_SOC_Integral
<LI><a href="#[dc]">&gt;&gt;</a>&nbsp;&nbsp;&nbsp;LeadBattery_Running
<LI><a href="#[22b]">&gt;&gt;</a>&nbsp;&nbsp;&nbsp;GetSystemStatisticalToCloudData
<LI><a href="#[329]">&gt;&gt;</a>&nbsp;&nbsp;&nbsp;StatisticsRunning
<LI><a href="#[30d]">&gt;&gt;</a>&nbsp;&nbsp;&nbsp;SYSFaultBitTransformFaultCode
<LI><a href="#[30c]">&gt;&gt;</a>&nbsp;&nbsp;&nbsp;PVFaultBitTransformFaultCode
<LI><a href="#[594]">&gt;&gt;</a>&nbsp;&nbsp;&nbsp;updateDisplayStatistics_Year_English
<LI><a href="#[58b]">&gt;&gt;</a>&nbsp;&nbsp;&nbsp;updateDisplayStatistics_Month_English
<LI><a href="#[582]">&gt;&gt;</a>&nbsp;&nbsp;&nbsp;updateDisplayStatistics_Day_English
<LI><a href="#[579]">&gt;&gt;</a>&nbsp;&nbsp;&nbsp;updateDisplayStatistics_All_English
<LI><a href="#[570]">&gt;&gt;</a>&nbsp;&nbsp;&nbsp;updateDisplayStatisticsData_English
<LI><a href="#[54d]">&gt;&gt;</a>&nbsp;&nbsp;&nbsp;updateDisplayRealtimeData_English
<LI><a href="#[49e]">&gt;&gt;</a>&nbsp;&nbsp;&nbsp;updateDisplayHomeData_English
<LI><a href="#[439]">&gt;&gt;</a>&nbsp;&nbsp;&nbsp;updateDisplayGridData_English
<LI><a href="#[1b3]">&gt;&gt;</a>&nbsp;&nbsp;&nbsp;Display_Get_KindPower
<LI><a href="#[571]">&gt;&gt;</a>&nbsp;&nbsp;&nbsp;updateDisplayStatisticsData_Chinese
<LI><a href="#[54e]">&gt;&gt;</a>&nbsp;&nbsp;&nbsp;updateDisplayRealtimeData_Chinese
<LI><a href="#[49f]">&gt;&gt;</a>&nbsp;&nbsp;&nbsp;updateDisplayHomeData_Chinese
<LI><a href="#[151]">&gt;&gt;</a>&nbsp;&nbsp;&nbsp;GetDisplayDeviceFaultState
</UL>

<P><STRONG><a name="[69c]"></a>__rt_uread4</STRONG> (Thumb, 0 bytes, Stack size 0 bytes, uread4.o(.text), UNUSED)

<P><STRONG><a name="[f5]"></a>__aeabi_uwrite4</STRONG> (Thumb, 16 bytes, Stack size 0 bytes, uwrite4.o(.text))
<BR><BR>[Called By]<UL><LI><a href="#[de]">&gt;&gt;</a>&nbsp;&nbsp;&nbsp;WeakBatteryProtect
<LI><a href="#[2c1]">&gt;&gt;</a>&nbsp;&nbsp;&nbsp;LeadBattery_SOC_Integral
<LI><a href="#[dc]">&gt;&gt;</a>&nbsp;&nbsp;&nbsp;LeadBattery_Running
<LI><a href="#[22b]">&gt;&gt;</a>&nbsp;&nbsp;&nbsp;GetSystemStatisticalToCloudData
<LI><a href="#[329]">&gt;&gt;</a>&nbsp;&nbsp;&nbsp;StatisticsRunning
<LI><a href="#[f4]">&gt;&gt;</a>&nbsp;&nbsp;&nbsp;ClearZeroWithKeyNodes
<LI><a href="#[1b4]">&gt;&gt;</a>&nbsp;&nbsp;&nbsp;GetDisplayRealTimeGridData
</UL>

<P><STRONG><a name="[69d]"></a>__rt_uwrite4</STRONG> (Thumb, 0 bytes, Stack size 0 bytes, uwrite4.o(.text), UNUSED)

<P><STRONG><a name="[233]"></a>__aeabi_uread8</STRONG> (Thumb, 58 bytes, Stack size 8 bytes, uread8.o(.text))
<BR><BR>[Stack]<UL><LI>Max Depth = 8<LI>Call Chain = __aeabi_uread8
</UL>
<BR>[Called By]<UL><LI><a href="#[295]">&gt;&gt;</a>&nbsp;&nbsp;&nbsp;InvFaultBitTransformFaultCode
<LI><a href="#[151]">&gt;&gt;</a>&nbsp;&nbsp;&nbsp;GetDisplayDeviceFaultState
</UL>

<P><STRONG><a name="[69e]"></a>__rt_uread8</STRONG> (Thumb, 0 bytes, Stack size 8 bytes, uread8.o(.text), UNUSED)

<P><STRONG><a name="[69f]"></a>__aeabi_uidiv</STRONG> (Thumb, 0 bytes, Stack size 0 bytes, aeabi_sdiv.o(.text), UNUSED)

<P><STRONG><a name="[b2]"></a>__aeabi_uidivmod</STRONG> (Thumb, 20 bytes, Stack size 0 bytes, aeabi_sdiv.o(.text))
<BR><BR>[Called By]<UL><LI><a href="#[f8]">&gt;&gt;</a>&nbsp;&nbsp;&nbsp;HAL_InitTick
<LI><a href="#[119]">&gt;&gt;</a>&nbsp;&nbsp;&nbsp;MB_Master_Meter_Retransmit
<LI><a href="#[2c0]">&gt;&gt;</a>&nbsp;&nbsp;&nbsp;LeadBattery_SOC_OCV
<LI><a href="#[dc]">&gt;&gt;</a>&nbsp;&nbsp;&nbsp;LeadBattery_Running
<LI><a href="#[31a]">&gt;&gt;</a>&nbsp;&nbsp;&nbsp;SPI_Flash_Device_GD25qxx_Init
<LI><a href="#[329]">&gt;&gt;</a>&nbsp;&nbsp;&nbsp;StatisticsRunning
<LI><a href="#[e9]">&gt;&gt;</a>&nbsp;&nbsp;&nbsp;CalculatePVAverageFilterValue
[...]
<LI><a href="#[355]">&gt;&gt;</a>&nbsp;&nbsp;&nbsp;LL_RCC_SetUSARTClockSource
<LI><a href="#[205]">&gt;&gt;</a>&nbsp;&nbsp;&nbsp;LL_GPIO_Init
<LI><a href="#[b4]">&gt;&gt;</a>&nbsp;&nbsp;&nbsp;__aeabi_memclr4
</UL>
<BR>[Called By]<UL><LI><a href="#[2f7]">&gt;&gt;</a>&nbsp;&nbsp;&nbsp;UART_Driver_Init
</UL>

<P><STRONG><a name="[2ac]"></a>__get_PRIMASK</STRONG> (Thumb, 6 bytes, Stack size 0 bytes, uart_driver.o(i.__get_PRIMASK))
<BR><BR>[Called By]<UL><LI><a href="#[35e]">&gt;&gt;</a>&nbsp;&nbsp;&nbsp;UART_Driver_ComPort5_Init
<LI><a href="#[2ba]">&gt;&gt;</a>&nbsp;&nbsp;&nbsp;LL_USART_SetTXFIFOThreshold
<LI><a href="#[2b9]">&gt;&gt;</a>&nbsp;&nbsp;&nbsp;LL_USART_SetRXFIFOThreshold
<LI><a href="#[2b5]">&gt;&gt;</a>&nbsp;&nbsp;&nbsp;LL_USART_EnableIT_RTO
<LI><a href="#[2b2]">&gt;&gt;</a>&nbsp;&nbsp;&nbsp;LL_USART_EnableDirectionRx
<LI><a href="#[2b1]">&gt;&gt;</a>&nbsp;&nbsp;&nbsp;LL_USART_EnableDMAReq_TX
<LI><a href="#[2b0]">&gt;&gt;</a>&nbsp;&nbsp;&nbsp;LL_USART_EnableDMAReq_RX
<LI><a href="#[2af]">&gt;&gt;</a>&nbsp;&nbsp;&nbsp;LL_USART_DisableIT_RTO
<LI><a href="#[2ae]">&gt;&gt;</a>&nbsp;&nbsp;&nbsp;LL_USART_DisableDMAReq_TX
<LI><a href="#[2ab]">&gt;&gt;</a>&nbsp;&nbsp;&nbsp;LL_USART_DisableDMAReq_RX
</UL>

<P><STRONG><a name="[2ad]"></a>__set_PRIMASK</STRONG> (Thumb, 6 bytes, Stack size 0 bytes, uart_driver.o(i.__set_PRIMASK))
<BR><BR>[Called By]<UL><LI><a href="#[35e]">&gt;&gt;</a>&nbsp;&nbsp;&nbsp;UART_Driver_ComPort5_Init
<LI><a href="#[2ba]">&gt;&gt;</a>&nbsp;&nbsp;&nbsp;LL_USART_SetTXFIFOThreshold
<LI><a href="#[2b9]">&gt;&gt;</a>&nbsp;&nbsp;&nbsp;LL_USART_SetRXFIFOThreshold
<LI><a href="#[2b5]">&gt;&gt;</a>&nbsp;&nbsp;&nbsp;LL_USART_EnableIT_RTO
<LI><a href="#[2b2]">&gt;&gt;</a>&nbsp;&nbsp;&nbsp;LL_USART_EnableDirectionRx
<LI><a href="#[2b1]">&gt;&gt;</a>&nbsp;&nbsp;&nbsp;LL_USART_EnableDMAReq_TX
<LI><a href="#[2b0]">&gt;&gt;</a>&nbsp;&nbsp;&nbsp;LL_USART_EnableDMAReq_RX
<LI><a href="#[2af]">&gt;&gt;</a>&nbsp;&nbsp;&nbsp;LL_USART_DisableIT_RTO
<LI><a href="#[2ae]">&gt;&gt;</a>&nbsp;&nbsp;&nbsp;LL_USART_DisableDMAReq_TX
<LI><a href="#[2ab]">&gt;&gt;</a>&nbsp;&nbsp;&nbsp;LL_USART_DisableDMAReq_RX
</UL>

<P><STRONG><a name="[372]"></a>__NVIC_EnableIRQ</STRONG> (Thumb, 26 bytes, Stack size 0 bytes, can_driver.o(i.__NVIC_EnableIRQ))
<BR><BR>[Called By]<UL><LI><a href="#[e2]">&gt;&gt;</a>&nbsp;&nbsp;&nbsp;bsp_InitCan2
<LI><a href="#[e1]">&gt;&gt;</a>&nbsp;&nbsp;&nbsp;bsp_InitCan1
</UL>

<P><STRONG><a name="[371]"></a>__NVIC_SetPriority</STRONG> (Thumb, 110 bytes, Stack size 8 bytes, can_driver.o(i.__NVIC_SetPriority))
<BR><BR>[Stack]<UL><LI>Max Depth = 8<LI>Call Chain = __NVIC_SetPriority
</UL>
<BR>[Called By]<UL><LI><a href="#[e2]">&gt;&gt;</a>&nbsp;&nbsp;&nbsp;bsp_InitCan2
<LI><a href="#[e1]">&gt;&gt;</a>&nbsp;&nbsp;&nbsp;bsp_InitCan1
</UL>

<P><STRONG><a name="[27d]"></a>pushCanData</STRONG> (Thumb, 46 bytes, Stack size 24 bytes, can_driver.o(i.pushCanData))
<BR><BR>[Stack]<UL><LI>Max Depth = 32<LI>Call Chain = pushCanData &rArr; __aeabi_idivmod
</UL>
<BR>[Calls]<UL><LI><a href="#[91]">&gt;&gt;</a>&nbsp;&nbsp;&nbsp;__aeabi_idivmod
</UL>
<BR>[Called By]<UL><LI><a href="#[271]">&gt;&gt;</a>&nbsp;&nbsp;&nbsp;HAL_FDCAN_RxFifo0Callback
</UL>

<P><STRONG><a name="[373]"></a>read_Can_msg</STRONG> (Thumb, 106 bytes, Stack size 16 bytes, can_driver.o(i.read_Can_msg))
<BR><BR>[Stack]<UL><LI>Max Depth = 40<LI>Call Chain = read_Can_msg &rArr; __aeabi_memcpy
</UL>
<BR>[Calls]<UL><LI><a href="#[91]">&gt;&gt;</a>&nbsp;&nbsp;&nbsp;__aeabi_idivmod
<LI><a href="#[64]">&gt;&gt;</a>&nbsp;&nbsp;&nbsp;__aeabi_memcpy
</UL>
<BR>[Called By]<UL><LI><a href="#[d3]">&gt;&gt;</a>&nbsp;&nbsp;&nbsp;can1_ReceivePacket
</UL>

<P><STRONG><a name="[2a1]"></a>LL_RCC_GetUSARTClockSource</STRONG> (Thumb, 14 bytes, Stack size 0 bytes, stm32g0xx_ll_rcc.o(i.LL_RCC_GetUSARTClockSource))
<BR><BR>[Called By]<UL><LI><a href="#[2a0]">&gt;&gt;</a>&nbsp;&nbsp;&nbsp;LL_RCC_GetUSARTClockFreq
</UL>

<P><STRONG><a name="[2a2]"></a>LL_RCC_HSI_IsReady</STRONG> (Thumb, 14 bytes, Stack size 0 bytes, stm32g0xx_ll_rcc.o(i.LL_RCC_HSI_IsReady))
<BR><BR>[Called By]<UL><LI><a href="#[2a0]">&gt;&gt;</a>&nbsp;&nbsp;&nbsp;LL_RCC_GetUSARTClockFreq
</UL>

<P><STRONG><a name="[2a3]"></a>LL_RCC_LSE_IsReady</STRONG> (Thumb, 12 bytes, Stack size 0 bytes, stm32g0xx_ll_rcc.o(i.LL_RCC_LSE_IsReady))
<BR><BR>[Called By]<UL><LI><a href="#[2a0]">&gt;&gt;</a>&nbsp;&nbsp;&nbsp;LL_RCC_GetUSARTClockFreq
</UL>

<P><STRONG><a name="[311]"></a>LL_RCC_PLL_GetDivider</STRONG> (Thumb, 10 bytes, Stack size 0 bytes, stm32g0xx_ll_rcc.o(i.LL_RCC_PLL_GetDivider))
<BR><BR>[Called By]<UL><LI><a href="#[30f]">&gt;&gt;</a>&nbsp;&nbsp;&nbsp;RCC_PLL_GetFreqDomain_SYS
</UL>

<P><STRONG><a name="[310]"></a>LL_RCC_PLL_GetMainSource</STRONG> (Thumb, 10 bytes, Stack size 0 bytes, stm32g0xx_ll_rcc.o(i.LL_RCC_PLL_GetMainSource))
<BR><BR>[Called By]<UL><LI><a href="#[30f]">&gt;&gt;</a>&nbsp;&nbsp;&nbsp;RCC_PLL_GetFreqDomain_SYS
</UL>

<P><STRONG><a name="[312]"></a>LL_RCC_PLL_GetN</STRONG> (Thumb, 14 bytes, Stack size 0 bytes, stm32g0xx_ll_rcc.o(i.LL_RCC_PLL_GetN))
<BR><BR>[Called By]<UL><LI><a href="#[30f]">&gt;&gt;</a>&nbsp;&nbsp;&nbsp;RCC_PLL_GetFreqDomain_SYS
</UL>

<P><STRONG><a name="[29e]"></a>RCC_GetHCLKClockFreq</STRONG> (Thumb, 34 bytes, Stack size 0 bytes, stm32g0xx_ll_rcc.o(i.RCC_GetHCLKClockFreq))
<BR><BR>[Called By]<UL><LI><a href="#[29c]">&gt;&gt;</a>&nbsp;&nbsp;&nbsp;LL_RCC_GetSystemClocksFreq
<LI><a href="#[2a0]">&gt;&gt;</a>&nbsp;&nbsp;&nbsp;LL_RCC_GetUSARTClockFreq
</UL>

<P><STRONG><a name="[29f]"></a>RCC_GetPCLK1ClockFreq</STRONG> (Thumb, 32 bytes, Stack size 0 bytes, stm32g0xx_ll_rcc.o(i.RCC_GetPCLK1ClockFreq))
<BR><BR>[Called By]<UL><LI><a href="#[29c]">&gt;&gt;</a>&nbsp;&nbsp;&nbsp;LL_RCC_GetSystemClocksFreq
<LI><a href="#[2a0]">&gt;&gt;</a>&nbsp;&nbsp;&nbsp;LL_RCC_GetUSARTClockFreq
</UL>

<P><STRONG><a name="[29d]"></a>RCC_GetSystemClockFreq</STRONG> (Thumb, 74 bytes, Stack size 16 bytes, stm32g0xx_ll_rcc.o(i.RCC_GetSystemClockFreq))
<BR><BR>[Stack]<UL><LI>Max Depth = 48<LI>Call Chain = RCC_GetSystemClockFreq &rArr; RCC_PLL_GetFreqDomain_SYS
</UL>
<BR>[Calls]<UL><LI><a href="#[30f]">&gt;&gt;</a>&nbsp;&nbsp;&nbsp;RCC_PLL_GetFreqDomain_SYS
<LI><a href="#[b2]">&gt;&gt;</a>&nbsp;&nbsp;&nbsp;__aeabi_uidivmod
</UL>
<BR>[Called By]<UL><LI><a href="#[29c]">&gt;&gt;</a>&nbsp;&nbsp;&nbsp;LL_RCC_GetSystemClocksFreq
<LI><a href="#[2a0]">&gt;&gt;</a>&nbsp;&nbsp;&nbsp;LL_RCC_GetUSARTClockFreq
</UL>

<P><STRONG><a name="[30f]"></a>RCC_PLL_GetFreqDomain_SYS</STRONG> (Thumb, 76 bytes, Stack size 32 bytes, stm32g0xx_ll_rcc.o(i.RCC_PLL_GetFreqDomain_SYS))
<BR><BR>[Stack]<UL><LI>Max Depth = 32<LI>Call Chain = RCC_PLL_GetFreqDomain_SYS
</UL>
<BR>[Calls]<UL><LI><a href="#[312]">&gt;&gt;</a>&nbsp;&nbsp;&nbsp;LL_RCC_PLL_GetN
<LI><a href="#[310]">&gt;&gt;</a>&nbsp;&nbsp;&nbsp;LL_RCC_PLL_GetMainSource
<LI><a href="#[311]">&gt;&gt;</a>&nbsp;&nbsp;&nbsp;LL_RCC_PLL_GetDivider
<LI><a href="#[b2]">&gt;&gt;</a>&nbsp;&nbsp;&nbsp;__aeabi_uidivmod
</UL>
<BR>[Called By]<UL><LI><a href="#[29d]">&gt;&gt;</a>&nbsp;&nbsp;&nbsp;RCC_GetSystemClockFreq
</UL>

<P><STRONG><a name="[30b]"></a>LL_TIM_OC_SetCompareCH2</STRONG> (Thumb, 4 bytes, Stack size 0 bytes, stm32g0xx_ll_tim.o(i.LL_TIM_OC_SetCompareCH2))
<BR><BR>[Called By]<UL><LI><a href="#[2a6]">&gt;&gt;</a>&nbsp;&nbsp;&nbsp;OC2Config
</UL>

<P><STRONG><a name="[2a5]"></a>OC1Config</STRONG> (Thumb, 154 bytes, Stack size 16 bytes, stm32g0xx_ll_tim.o(i.OC1Config))
<BR><BR>[Stack]<UL><LI>Max Depth = 16<LI>Call Chain = OC1Config
</UL>
<BR>[Called By]<UL><LI><a href="#[2a4]">&gt;&gt;</a>&nbsp;&nbsp;&nbsp;LL_TIM_OC_Init
</UL>

<P><STRONG><a name="[2a6]"></a>OC2Config</STRONG> (Thumb, 178 bytes, Stack size 24 bytes, stm32g0xx_ll_tim.o(i.OC2Config))
<BR><BR>[Stack]<UL><LI>Max Depth = 24<LI>Call Chain = OC2Config
</UL>
<BR>[Calls]<UL><LI><a href="#[30b]">&gt;&gt;</a>&nbsp;&nbsp;&nbsp;LL_TIM_OC_SetCompareCH2
</UL>
<BR>[Called By]<UL><LI><a href="#[2a4]">&gt;&gt;</a>&nbsp;&nbsp;&nbsp;LL_TIM_OC_Init
</UL>

<P><STRONG><a name="[2a7]"></a>OC3Config</STRONG> (Thumb, 172 bytes, Stack size 16 bytes, stm32g0xx_ll_tim.o(i.OC3Config))
<BR><BR>[Stack]<UL><LI>Max Depth = 16<LI>Call Chain = OC3Config
</UL>
<BR>[Called By]<UL><LI><a href="#[2a4]">&gt;&gt;</a>&nbsp;&nbsp;&nbsp;LL_TIM_OC_Init
</UL>

<P><STRONG><a name="[2a8]"></a>OC4Config</STRONG> (Thumb, 132 bytes, Stack size 16 bytes, stm32g0xx_ll_tim.o(i.OC4Config))
<BR><BR>[Stack]<UL><LI>Max Depth = 16<LI>Call Chain = OC4Config
</UL>
<BR>[Called By]<UL><LI><a href="#[2a4]">&gt;&gt;</a>&nbsp;&nbsp;&nbsp;LL_TIM_OC_Init
</UL>

<P><STRONG><a name="[2a9]"></a>OC5Config</STRONG> (Thumb, 118 bytes, Stack size 12 bytes, stm32g0xx_ll_tim.o(i.OC5Config))
<BR><BR>[Stack]<UL><LI>Max Depth = 12<LI>Call Chain = OC5Config
</UL>
<BR>[Called By]<UL><LI><a href="#[2a4]">&gt;&gt;</a>&nbsp;&nbsp;&nbsp;LL_TIM_OC_Init
</UL>

<P><STRONG><a name="[2aa]"></a>OC6Config</STRONG> (Thumb, 118 bytes, Stack size 12 bytes, stm32g0xx_ll_tim.o(i.OC6Config))
<BR><BR>[Stack]<UL><LI>Max Depth = 12<LI>Call Chain = OC6Config
</UL>
<BR>[Called By]<UL><LI><a href="#[2a4]">&gt;&gt;</a>&nbsp;&nbsp;&nbsp;LL_TIM_OC_Init
</UL>

<P><STRONG><a name="[2b7]"></a>LL_USART_IsEnabled</STRONG> (Thumb, 16 bytes, Stack size 0 bytes, stm32g0xx_ll_usart.o(i.LL_USART_IsEnabled))
<BR><BR>[Called By]<UL><LI><a href="#[2b6]">&gt;&gt;</a>&nbsp;&nbsp;&nbsp;LL_USART_Init
</UL>

<P><STRONG><a name="[2b8]"></a>LL_USART_SetBaudRate</STRONG> (Thumb, 114 bytes, Stack size 48 bytes, stm32g0xx_ll_usart.o(i.LL_USART_SetBaudRate))
<BR><BR>[Stack]<UL><LI>Max Depth = 48<LI>Call Chain = LL_USART_SetBaudRate
</UL>
<BR>[Calls]<UL><LI><a href="#[b2]">&gt;&gt;</a>&nbsp;&nbsp;&nbsp;__aeabi_uidivmod
</UL>
<BR>[Called By]<UL><LI><a href="#[2b6]">&gt;&gt;</a>&nbsp;&nbsp;&nbsp;LL_USART_Init
</UL>

<P><STRONG><a name="[285]"></a>SPI_EndRxTransaction</STRONG> (Thumb, 142 bytes, Stack size 24 bytes, stm32g0xx_hal_spi.o(i.SPI_EndRxTransaction))
<BR><BR>[Stack]<UL><LI>Max Depth = 72<LI>Call Chain = SPI_EndRxTransaction &rArr; SPI_WaitFlagStateUntilTimeout
</UL>
<BR>[Calls]<UL><LI><a href="#[317]">&gt;&gt;</a>&nbsp;&nbsp;&nbsp;SPI_WaitFlagStateUntilTimeout
<LI><a href="#[318]">&gt;&gt;</a>&nbsp;&nbsp;&nbsp;SPI_WaitFifoStateUntilTimeout
</UL>
<BR>[Called By]<UL><LI><a href="#[284]">&gt;&gt;</a>&nbsp;&nbsp;&nbsp;HAL_SPI_Receive
</UL>

<P><STRONG><a name="[287]"></a>SPI_EndRxTxTransaction</STRONG> (Thumb, 106 bytes, Stack size 24 bytes, stm32g0xx_hal_spi.o(i.SPI_EndRxTxTransaction))
<BR><BR>[Stack]<UL><LI>Max Depth = 72<LI>Call Chain = SPI_EndRxTxTransaction &rArr; SPI_WaitFlagStateUntilTimeout
</UL>
<BR>[Calls]<UL><LI><a href="#[317]">&gt;&gt;</a>&nbsp;&nbsp;&nbsp;SPI_WaitFlagStateUntilTimeout
<LI><a href="#[318]">&gt;&gt;</a>&nbsp;&nbsp;&nbsp;SPI_WaitFifoStateUntilTimeout
</UL>
<BR>[Called By]<UL><LI><a href="#[1ff]">&gt;&gt;</a>&nbsp;&nbsp;&nbsp;HAL_SPI_TransmitReceive
<LI><a href="#[286]">&gt;&gt;</a>&nbsp;&nbsp;&nbsp;HAL_SPI_Transmit
</UL>

<P><STRONG><a name="[318]"></a>SPI_WaitFifoStateUntilTimeout</STRONG> (Thumb, 246 bytes, Stack size 40 bytes, stm32g0xx_hal_spi.o(i.SPI_WaitFifoStateUntilTimeout))
<BR><BR>[Stack]<UL><LI>Max Depth = 40<LI>Call Chain = SPI_WaitFifoStateUntilTimeout
</UL>
<BR>[Calls]<UL><LI><a href="#[a7]">&gt;&gt;</a>&nbsp;&nbsp;&nbsp;HAL_GetTick
</UL>
<BR>[Called By]<UL><LI><a href="#[287]">&gt;&gt;</a>&nbsp;&nbsp;&nbsp;SPI_EndRxTxTransaction
<LI><a href="#[285]">&gt;&gt;</a>&nbsp;&nbsp;&nbsp;SPI_EndRxTransaction
</UL>

<P><STRONG><a name="[317]"></a>SPI_WaitFlagStateUntilTimeout</STRONG> (Thumb, 214 bytes, Stack size 48 bytes, stm32g0xx_hal_spi.o(i.SPI_WaitFlagStateUntilTimeout))
<BR><BR>[Stack]<UL><LI>Max Depth = 48<LI>Call Chain = SPI_WaitFlagStateUntilTimeout
</UL>
<BR>[Calls]<UL><LI><a href="#[a7]">&gt;&gt;</a>&nbsp;&nbsp;&nbsp;HAL_GetTick
</UL>
<BR>[Called By]<UL><LI><a href="#[287]">&gt;&gt;</a>&nbsp;&nbsp;&nbsp;SPI_EndRxTxTransaction
<LI><a href="#[285]">&gt;&gt;</a>&nbsp;&nbsp;&nbsp;SPI_EndRxTransaction
</UL>

<P><STRONG><a name="[a6]"></a>LL_ADC_Disable</STRONG> (Thumb, 12 bytes, Stack size 0 bytes, stm32g0xx_hal_adc.o(i.LL_ADC_Disable))
<BR><BR>[Called By]<UL><LI><a href="#[a3]">&gt;&gt;</a>&nbsp;&nbsp;&nbsp;ADC_Disable
</UL>

<P><STRONG><a name="[b0]"></a>LL_ADC_Enable</STRONG> (Thumb, 12 bytes, Stack size 0 bytes, stm32g0xx_hal_adc.o(i.LL_ADC_Enable))
<BR><BR>[Called By]<UL><LI><a href="#[af]">&gt;&gt;</a>&nbsp;&nbsp;&nbsp;ADC_Enable
</UL>

<P><STRONG><a name="[b1]"></a>LL_ADC_GetCommonPathInternalCh</STRONG> (Thumb, 12 bytes, Stack size 0 bytes, stm32g0xx_hal_adc.o(i.LL_ADC_GetCommonPathInternalCh))
<BR><BR>[Called By]<UL><LI><a href="#[aa]">&gt;&gt;</a>&nbsp;&nbsp;&nbsp;HAL_ADC_ConfigChannel
<LI><a href="#[af]">&gt;&gt;</a>&nbsp;&nbsp;&nbsp;ADC_Enable
</UL>

<P><STRONG><a name="[a4]"></a>LL_ADC_IsDisableOngoing</STRONG> (Thumb, 12 bytes, Stack size 0 bytes, stm32g0xx_hal_adc.o(i.LL_ADC_IsDisableOngoing))
<BR><BR>[Called By]<UL><LI><a href="#[a3]">&gt;&gt;</a>&nbsp;&nbsp;&nbsp;ADC_Disable
</UL>

<P><STRONG><a name="[a5]"></a>LL_ADC_IsEnabled</STRONG> (Thumb, 16 bytes, Stack size 0 bytes, stm32g0xx_hal_adc.o(i.LL_ADC_IsEnabled))
<BR><BR>[Called By]<UL><LI><a href="#[a9]">&gt;&gt;</a>&nbsp;&nbsp;&nbsp;HAL_ADC_Init
<LI><a href="#[af]">&gt;&gt;</a>&nbsp;&nbsp;&nbsp;ADC_Enable
<LI><a href="#[a3]">&gt;&gt;</a>&nbsp;&nbsp;&nbsp;ADC_Disable
</UL>

<P><STRONG><a name="[264]"></a>LL_ADC_IsInternalRegulatorEnabled</STRONG> (Thumb, 14 bytes, Stack size 0 bytes, stm32g0xx_hal_adc.o(i.LL_ADC_IsInternalRegulatorEnabled))
<BR><BR>[Called By]<UL><LI><a href="#[a9]">&gt;&gt;</a>&nbsp;&nbsp;&nbsp;HAL_ADC_Init
</UL>

<P><STRONG><a name="[261]"></a>LL_ADC_REG_IsConversionOngoing</STRONG> (Thumb, 12 bytes, Stack size 0 bytes, stm32g0xx_hal_adc.o(i.LL_ADC_REG_IsConversionOngoing))
<BR><BR>[Called By]<UL><LI><a href="#[a9]">&gt;&gt;</a>&nbsp;&nbsp;&nbsp;HAL_ADC_Init
<LI><a href="#[aa]">&gt;&gt;</a>&nbsp;&nbsp;&nbsp;HAL_ADC_ConfigChannel
<LI><a href="#[269]">&gt;&gt;</a>&nbsp;&nbsp;&nbsp;HAL_ADC_Start
<LI><a href="#[267]">&gt;&gt;</a>&nbsp;&nbsp;&nbsp;HAL_ADC_PollForConversion
</UL>

<P><STRONG><a name="[268]"></a>LL_ADC_REG_IsTriggerSourceSWStart</STRONG> (Thumb, 22 bytes, Stack size 0 bytes, stm32g0xx_hal_adc.o(i.LL_ADC_REG_IsTriggerSourceSWStart))
<BR><BR>[Called By]<UL><LI><a href="#[267]">&gt;&gt;</a>&nbsp;&nbsp;&nbsp;HAL_ADC_PollForConversion
</UL>

<P><STRONG><a name="[26a]"></a>LL_ADC_REG_StartConversion</STRONG> (Thumb, 12 bytes, Stack size 0 bytes, stm32g0xx_hal_adc.o(i.LL_ADC_REG_StartConversion))
<BR><BR>[Called By]<UL><LI><a href="#[269]">&gt;&gt;</a>&nbsp;&nbsp;&nbsp;HAL_ADC_Start
</UL>

<P><STRONG><a name="[262]"></a>LL_ADC_SetCommonPathInternalCh</STRONG> (Thumb, 14 bytes, Stack size 0 bytes, stm32g0xx_hal_adc.o(i.LL_ADC_SetCommonPathInternalCh))
<BR><BR>[Called By]<UL><LI><a href="#[aa]">&gt;&gt;</a>&nbsp;&nbsp;&nbsp;HAL_ADC_ConfigChannel
</UL>

<P><STRONG><a name="[265]"></a>LL_ADC_SetSamplingTimeCommonChannels</STRONG> (Thumb, 30 bytes, Stack size 12 bytes, stm32g0xx_hal_adc.o(i.LL_ADC_SetSamplingTimeCommonChannels))
<BR><BR>[Stack]<UL><LI>Max Depth = 12<LI>Call Chain = LL_ADC_SetSamplingTimeCommonChannels
</UL>
<BR>[Called By]<UL><LI><a href="#[a9]">&gt;&gt;</a>&nbsp;&nbsp;&nbsp;HAL_ADC_Init
</UL>

<P><STRONG><a name="[260]"></a>LL_ADC_IsEnabled</STRONG> (Thumb, 16 bytes, Stack size 0 bytes, stm32g0xx_hal_adc_ex.o(i.LL_ADC_IsEnabled))
<BR><BR>[Called By]<UL><LI><a href="#[ac]">&gt;&gt;</a>&nbsp;&nbsp;&nbsp;HAL_ADCEx_Calibration_Start
<LI><a href="#[ae]">&gt;&gt;</a>&nbsp;&nbsp;&nbsp;HAL_ADCEx_Calibration_SetValue
</UL>

<P><STRONG><a name="[27b]"></a>FDCAN_CalcultateRamBlockAddresses</STRONG> (Thumb, 122 bytes, Stack size 8 bytes, stm32g0xx_hal_fdcan.o(i.FDCAN_CalcultateRamBlockAddresses))
<BR><BR>[Stack]<UL><LI>Max Depth = 8<LI>Call Chain = FDCAN_CalcultateRamBlockAddresses
</UL>
<BR>[Called By]<UL><LI><a href="#[279]">&gt;&gt;</a>&nbsp;&nbsp;&nbsp;HAL_FDCAN_Init
</UL>

<P><STRONG><a name="[26c]"></a>FDCAN_CopyMessageToRAM</STRONG> (Thumb, 142 bytes, Stack size 40 bytes, stm32g0xx_hal_fdcan.o(i.FDCAN_CopyMessageToRAM))
<BR><BR>[Stack]<UL><LI>Max Depth = 40<LI>Call Chain = FDCAN_CopyMessageToRAM
</UL>
<BR>[Called By]<UL><LI><a href="#[26b]">&gt;&gt;</a>&nbsp;&nbsp;&nbsp;HAL_FDCAN_AddMessageToTxFifoQ
</UL>

<P><STRONG><a name="[7b]"></a>_fp_digits</STRONG> (Thumb, 412 bytes, Stack size 96 bytes, _printf_fp_dec.o(.text))
<BR><BR>[Stack]<UL><LI>Max Depth = 272<LI>Call Chain = _fp_digits &rArr; _btod_etento &rArr; _btod_emul &rArr; btod_internal_mul &rArr; __ARM_common_ll_muluu
</UL>
<BR>[Calls]<UL><LI><a href="#[7e]">&gt;&gt;</a>&nbsp;&nbsp;&nbsp;_btod_ediv
<LI><a href="#[7f]">&gt;&gt;</a>&nbsp;&nbsp;&nbsp;_btod_emul
<LI><a href="#[7d]">&gt;&gt;</a>&nbsp;&nbsp;&nbsp;_btod_d2e
<LI><a href="#[7c]">&gt;&gt;</a>&nbsp;&nbsp;&nbsp;_btod_etento
<LI><a href="#[80]">&gt;&gt;</a>&nbsp;&nbsp;&nbsp;_ll_udiv10
</UL>
<BR>[Called By]<UL><LI><a href="#[34]">&gt;&gt;</a>&nbsp;&nbsp;&nbsp;_printf_fp_dec_real
</UL>

<P><STRONG><a name="[2f]"></a>_printf_input_char</STRONG> (Thumb, 10 bytes, Stack size 0 bytes, _printf_char_common.o(.text))
<BR>[Address Reference Count : 1]<UL><LI> _printf_char_common.o(.text)
</UL>
<P><STRONG><a name="[86]"></a>_local_sscanf</STRONG> (Thumb, 60 bytes, Stack size 56 bytes, strtod.o(.text))
<BR><BR>[Stack]<UL><LI>Max Depth = 64<LI>Call Chain = _local_sscanf &rArr; _scanf_real
</UL>
<BR>[Calls]<UL><LI><a href="#[87]">&gt;&gt;</a>&nbsp;&nbsp;&nbsp;_scanf_real
</UL>
<BR>[Called By]<UL><LI><a href="#[88]">&gt;&gt;</a>&nbsp;&nbsp;&nbsp;__strtod_int
</UL>

<P><STRONG><a name="[92]"></a>btod_internal_mul</STRONG> (Thumb, 492 bytes, Stack size 56 bytes, btod.o(.text))
<BR><BR>[Stack]<UL><LI>Max Depth = 80<LI>Call Chain = btod_internal_mul &rArr; __ARM_common_ll_muluu
</UL>
<BR>[Calls]<UL><LI><a href="#[93]">&gt;&gt;</a>&nbsp;&nbsp;&nbsp;__ARM_common_ll_muluu
</UL>
<BR>[Called By]<UL><LI><a href="#[94]">&gt;&gt;</a>&nbsp;&nbsp;&nbsp;_btod_emuld
<LI><a href="#[7f]">&gt;&gt;</a>&nbsp;&nbsp;&nbsp;_btod_emul
</UL>

<P><STRONG><a name="[95]"></a>btod_internal_div</STRONG> (Thumb, 520 bytes, Stack size 64 bytes, btod.o(.text))
<BR><BR>[Stack]<UL><LI>Max Depth = 64<LI>Call Chain = btod_internal_div
</UL>
<BR>[Called By]<UL><LI><a href="#[96]">&gt;&gt;</a>&nbsp;&nbsp;&nbsp;_btod_edivd
<LI><a href="#[7e]">&gt;&gt;</a>&nbsp;&nbsp;&nbsp;_btod_ediv
</UL>

<P><STRONG><a name="[9a]"></a>_fp_value</STRONG> (Thumb, 602 bytes, Stack size 80 bytes, scanf_fp.o(.text))
<BR><BR>[Stack]<UL><LI>Max Depth = 256<LI>Call Chain = _fp_value &rArr; _btod_etento &rArr; _btod_emul &rArr; btod_internal_mul &rArr; __ARM_common_ll_muluu
</UL>
<BR>[Calls]<UL><LI><a href="#[62]">&gt;&gt;</a>&nbsp;&nbsp;&nbsp;__aeabi_errno_addr
<LI><a href="#[9b]">&gt;&gt;</a>&nbsp;&nbsp;&nbsp;__aeabi_lmul
<LI><a href="#[96]">&gt;&gt;</a>&nbsp;&nbsp;&nbsp;_btod_edivd
<LI><a href="#[94]">&gt;&gt;</a>&nbsp;&nbsp;&nbsp;_btod_emuld
<LI><a href="#[7c]">&gt;&gt;</a>&nbsp;&nbsp;&nbsp;_btod_etento
</UL>
<BR>[Called By]<UL><LI><a href="#[35]">&gt;&gt;</a>&nbsp;&nbsp;&nbsp;_scanf_really_real
</UL>
<P>
<H3>
Undefined Global Symbols
</H3>
<P><STRONG><a name="[9f]"></a>_call_atexit_fns</STRONG> (ARM, 0 bytes, Stack size 0 bytes, UNDEFINED)
<BR><BR>[Called By]<UL><LI><a href="#[50]">&gt;&gt;</a>&nbsp;&nbsp;&nbsp;exit
</UL>

<P><STRONG><a name="[84]"></a>_printf_mbtowc</STRONG> (ARM, 0 bytes, Stack size 0 bytes, UNDEFINED)
<BR><BR>[Called By]<UL><LI><a href="#[83]">&gt;&gt;</a>&nbsp;&nbsp;&nbsp;_printf_cs_common
</UL>

<P><STRONG><a name="[5a]"></a>_printf_truncate_signed</STRONG> (ARM, 0 bytes, Stack size 0 bytes, UNDEFINED)
<BR><BR>[Called By]<UL><LI><a href="#[40]">&gt;&gt;</a>&nbsp;&nbsp;&nbsp;_printf_int_dec
</UL>

<P><STRONG><a name="[5b]"></a>_printf_truncate_unsigned</STRONG> (ARM, 0 bytes, Stack size 0 bytes, UNDEFINED)
<BR><BR>[Called By]<UL><LI><a href="#[42]">&gt;&gt;</a>&nbsp;&nbsp;&nbsp;_printf_int_hex
<LI><a href="#[40]">&gt;&gt;</a>&nbsp;&nbsp;&nbsp;_printf_int_dec
</UL>
<HR></body></html>
